
Sep 25 16:50:32 test1-ThinkCentre-M73 systemd[1]: Stopped target Timers.
Sep 25 16:50:32 test1-ThinkCentre-M73 systemd[1]: Stopped Daily Cleanup of Temporary Directories.
Sep 25 16:50:32 test1-ThinkCentre-M73 systemd[1]: Stopped Daily apt upgrade and clean activities.
Sep 25 16:50:32 test1-ThinkCentre-M73 systemd[1]: Stopped Daily apt download activities.
Sep 25 16:50:32 test1-ThinkCentre-M73 systemd[1]: Stopping Manage, Install and Generate Color Profiles...
Sep 25 16:50:32 test1-ThinkCentre-M73 systemd[1]: Closed Load/Save RF Kill Switch Status /dev/rfkill Watch.
Sep 25 16:50:32 test1-ThinkCentre-M73 bluetoothd[796]: Terminating
Sep 25 16:50:32 test1-ThinkCentre-M73 systemd[1]: Stopping Disk Manager...
Sep 25 16:50:32 test1-ThinkCentre-M73 bluetoothd[796]: Endpoint unregistered: sender=:1.73 path=/MediaEndpoint/A2DPSource
Sep 25 16:50:32 test1-ThinkCentre-M73 systemd[1]: Stopping Firmware update daemon...
Sep 25 16:50:32 test1-ThinkCentre-M73 bluetoothd[796]: Endpoint unregistered: sender=:1.73 path=/MediaEndpoint/A2DPSink
Sep 25 16:50:32 test1-ThinkCentre-M73 systemd[1]: Stopped target Bluetooth.
Sep 25 16:50:32 test1-ThinkCentre-M73 systemd[1]: Stopping Bluetooth service...
Sep 25 16:50:32 test1-ThinkCentre-M73 systemd[1]: Stopped target Sound Card.
Sep 25 16:50:32 test1-ThinkCentre-M73 systemd[1]: Stopping Session c2 of user test1.
Sep 25 16:50:32 test1-ThinkCentre-M73 systemd[1]: Stopped Stop ureadahead data collection 45s after completed startup.
Sep 25 16:50:32 test1-ThinkCentre-M73 systemd[1]: Stopped target Graphical Interface.
Sep 25 16:50:32 test1-ThinkCentre-M73 systemd[1]: Stopping ACPI event daemon...
Sep 25 16:50:32 test1-ThinkCentre-M73 systemd[1]: Stopped Ubuntu Advantage update messaging.
Sep 25 16:50:32 test1-ThinkCentre-M73 systemd[1]: Stopping Save/Restore Sound Card State...
Sep 25 16:50:32 test1-ThinkCentre-M73 systemd[1]: Stopped target Multi-User System.
Sep 25 16:50:32 test1-ThinkCentre-M73 systemd[1]: Stopping LSB: daemon to balance interrupts for SMP systems...
Sep 25 16:50:32 test1-ThinkCentre-M73 thermald[746]: Terminating ...
Sep 25 16:50:32 test1-ThinkCentre-M73 systemd[1]: Stopping Thermal Daemon Service...
Sep 25 16:50:32 test1-ThinkCentre-M73 systemd[1]: Stopping Make remote CUPS printers available locally...
Sep 25 16:50:32 test1-ThinkCentre-M73 systemd[1]: Stopped Wait until snapd is fully seeded.
Sep 25 16:50:32 test1-ThinkCentre-M73 systemd[1]: Stopping LSB: Set the CPU Frequency Scaling governor to "ondemand"...
Sep 25 16:50:32 test1-ThinkCentre-M73 systemd[1]: Stopping crash report submission daemon...
Sep 25 16:50:32 test1-ThinkCentre-M73 systemd[1]: Stopping LSB: automatic crash report generation...
Sep 25 16:50:32 test1-ThinkCentre-M73 bluetoothd[796]: Stopping SDP server
Sep 25 16:50:32 test1-ThinkCentre-M73 bluetoothd[796]: Exit
Sep 25 16:50:32 test1-ThinkCentre-M73 systemd[1]: Stopping LSB: Speech Dispatcher...
Sep 25 16:50:32 test1-ThinkCentre-M73 systemd[1]: Stopping LSB: Record successful boot for GRUB...
Sep 25 16:50:32 test1-ThinkCentre-M73 rsyslogd: [origin software="rsyslogd" swVersion="8.16.0" x-pid="722" x-info="http://www.rsyslog.com"] exiting on signal 15.
Sep 25 16:54:26 test1-ThinkCentre-M73 rsyslogd: [origin software="rsyslogd" swVersion="8.16.0" x-pid="715" x-info="http://www.rsyslog.com"] start
Sep 25 16:54:26 test1-ThinkCentre-M73 rsyslogd-2222: command 'KLogPermitNonKernelFacility' is currently not permitted - did you already set it via a RainerScript command (v6+ config)? [v8.16.0 try http://www.rsyslog.com/e/2222 ]
Sep 25 16:54:26 test1-ThinkCentre-M73 rsyslogd: rsyslogd's groupid changed to 108
Sep 25 16:54:26 test1-ThinkCentre-M73 rsyslogd: rsyslogd's userid changed to 104
Sep 25 16:54:26 test1-ThinkCentre-M73 kernel: [    0.000000] microcode: microcode updated early to revision 0x28, date = 2019-11-12
Sep 25 16:54:26 test1-ThinkCentre-M73 kernel: [    0.000000] Linux version 4.15.1 (test1@test1-ThinkCentre-M73) (gcc version 5.4.0 20160609 (Ubuntu 5.4.0-6ubuntu1~16.04.12)) #2 SMP Sat Sep 25 16:33:53 HKT 2021
Sep 25 16:54:26 test1-ThinkCentre-M73 kernel: [    0.000000] Command line: BOOT_IMAGE=/boot/vmlinuz-4.15.1 root=UUID=aa1cc1e1-1b9b-4b82-8e10-217fd71cc0aa ro quiet splash vt.handoff=7
Sep 25 16:54:26 test1-ThinkCentre-M73 kernel: [    0.000000] KERNEL supported cpus:
Sep 25 16:54:26 test1-ThinkCentre-M73 kernel: [    0.000000]   Intel GenuineIntel
Sep 25 16:54:26 test1-ThinkCentre-M73 kernel: [    0.000000]   AMD AuthenticAMD
Sep 25 16:54:26 test1-ThinkCentre-M73 kernel: [    0.000000]   Centaur CentaurHauls
Sep 25 16:54:26 test1-ThinkCentre-M73 kernel: [    0.000000] x86/fpu: Supporting XSAVE feature 0x001: 'x87 floating point registers'
Sep 25 16:54:26 test1-ThinkCentre-M73 kernel: [    0.000000] x86/fpu: Supporting XSAVE feature 0x002: 'SSE registers'
Sep 25 16:54:26 test1-ThinkCentre-M73 kernel: [    0.000000] x86/fpu: Supporting XSAVE feature 0x004: 'AVX registers'
Sep 25 16:54:26 test1-ThinkCentre-M73 kernel: [    0.000000] x86/fpu: xstate_offset[2]:  576, xstate_sizes[2]:  256
Sep 25 16:54:26 test1-ThinkCentre-M73 kernel: [    0.000000] x86/fpu: Enabled xstate features 0x7, context size is 832 bytes, using 'standard' format.
Sep 25 16:54:26 test1-ThinkCentre-M73 kernel: [    0.000000] e820: BIOS-provided physical RAM map:
Sep 25 16:54:26 test1-ThinkCentre-M73 kernel: [    0.000000] BIOS-e820: [mem 0x0000000000000000-0x0000000000057fff] usable
Sep 25 16:54:26 test1-ThinkCentre-M73 kernel: [    0.000000] BIOS-e820: [mem 0x0000000000058000-0x0000000000058fff] reserved
Sep 25 16:54:26 test1-ThinkCentre-M73 kernel: [    0.000000] BIOS-e820: [mem 0x0000000000059000-0x000000000009dfff] usable
Sep 25 16:54:26 test1-ThinkCentre-M73 kernel: [    0.000000] BIOS-e820: [mem 0x000000000009e000-0x000000000009ffff] reserved
Sep 25 16:54:26 test1-ThinkCentre-M73 kernel: [    0.000000] BIOS-e820: [mem 0x0000000000100000-0x00000000c78f1fff] usable
Sep 25 16:54:26 test1-ThinkCentre-M73 kernel: [    0.000000] BIOS-e820: [mem 0x00000000c78f2000-0x00000000c78f8fff] ACPI NVS
Sep 25 16:54:26 test1-ThinkCentre-M73 kernel: [    0.000000] BIOS-e820: [mem 0x00000000c78f9000-0x00000000c7d27fff] usable
Sep 25 16:54:26 test1-ThinkCentre-M73 kernel: [    0.000000] BIOS-e820: [mem 0x00000000c7d28000-0x00000000c81bcfff] reserved
Sep 25 16:54:26 test1-ThinkCentre-M73 kernel: [    0.000000] BIOS-e820: [mem 0x00000000c81bd000-0x00000000d891ffff] usable
Sep 25 16:54:26 test1-ThinkCentre-M73 kernel: [    0.000000] BIOS-e820: [mem 0x00000000d8920000-0x00000000d89b6fff] reserved
Sep 25 16:54:26 test1-ThinkCentre-M73 kernel: [    0.000000] BIOS-e820: [mem 0x00000000d89b7000-0x00000000d8a16fff] ACPI data
Sep 25 16:54:26 test1-ThinkCentre-M73 kernel: [    0.000000] BIOS-e820: [mem 0x00000000d8a17000-0x00000000d9709fff] ACPI NVS
Sep 25 16:54:26 test1-ThinkCentre-M73 kernel: [    0.000000] BIOS-e820: [mem 0x00000000d970a000-0x00000000d9ffefff] reserved
Sep 25 16:54:26 test1-ThinkCentre-M73 kernel: [    0.000000] BIOS-e820: [mem 0x00000000d9fff000-0x00000000d9ffffff] usable
Sep 25 16:54:26 test1-ThinkCentre-M73 kernel: [    0.000000] BIOS-e820: [mem 0x00000000db000000-0x00000000df1fffff] reserved
Sep 25 16:54:26 test1-ThinkCentre-M73 kernel: [    0.000000] BIOS-e820: [mem 0x00000000f8000000-0x00000000fbffffff] reserved
Sep 25 16:54:26 test1-ThinkCentre-M73 kernel: [    0.000000] BIOS-e820: [mem 0x00000000fec00000-0x00000000fec00fff] reserved
Sep 25 16:54:26 test1-ThinkCentre-M73 kernel: [    0.000000] BIOS-e820: [mem 0x00000000fed00000-0x00000000fed03fff] reserved
Sep 25 16:54:26 test1-ThinkCentre-M73 kernel: [    0.000000] BIOS-e820: [mem 0x00000000fed1c000-0x00000000fed1ffff] reserved
Sep 25 16:54:26 test1-ThinkCentre-M73 kernel: [    0.000000] BIOS-e820: [mem 0x00000000fee00000-0x00000000fee00fff] reserved
Sep 25 16:54:26 test1-ThinkCentre-M73 kernel: [    0.000000] BIOS-e820: [mem 0x00000000ff000000-0x00000000ffffffff] reserved
Sep 25 16:54:26 test1-ThinkCentre-M73 kernel: [    0.000000] BIOS-e820: [mem 0x0000000100000000-0x000000021fdfffff] usable
Sep 25 16:54:26 test1-ThinkCentre-M73 kernel: [    0.000000] NX (Execute Disable) protection: active
Sep 25 16:54:26 test1-ThinkCentre-M73 kernel: [    0.000000] efi: EFI v2.31 by American Megatrends
Sep 25 16:54:26 test1-ThinkCentre-M73 kernel: [    0.000000] efi:  ESRT=0xd9f66818  ACPI=0xd89ca000  ACPI 2.0=0xd89ca000  SMBIOS=0xd9f66418 
Sep 25 16:54:26 test1-ThinkCentre-M73 kernel: [    0.000000] random: fast init done
Sep 25 16:54:26 test1-ThinkCentre-M73 kernel: [    0.000000] SMBIOS 2.8 present.
Sep 25 16:54:26 test1-ThinkCentre-M73 kernel: [    0.000000] DMI: LENOVO INVALID/SHARKBAY, BIOS FHKT54AUS 12/29/2014
Sep 25 16:54:26 test1-ThinkCentre-M73 kernel: [    0.000000] e820: update [mem 0x00000000-0x00000fff] usable ==> reserved
Sep 25 16:54:26 test1-ThinkCentre-M73 kernel: [    0.000000] e820: remove [mem 0x000a0000-0x000fffff] usable
Sep 25 16:54:26 test1-ThinkCentre-M73 kernel: [    0.000000] e820: last_pfn = 0x21fe00 max_arch_pfn = 0x400000000
Sep 25 16:54:26 test1-ThinkCentre-M73 kernel: [    0.000000] MTRR default type: uncachable
Sep 25 16:54:26 test1-ThinkCentre-M73 kernel: [    0.000000] MTRR fixed ranges enabled:
Sep 25 16:54:26 test1-ThinkCentre-M73 kernel: [    0.000000]   00000-9FFFF write-back
Sep 25 16:54:26 test1-ThinkCentre-M73 kernel: [    0.000000]   A0000-DFFFF uncachable
Sep 25 16:54:26 test1-ThinkCentre-M73 kernel: [    0.000000]   E0000-FFFFF write-protect
Sep 25 16:54:26 test1-ThinkCentre-M73 kernel: [    0.000000] MTRR variable ranges enabled:
Sep 25 16:54:26 test1-ThinkCentre-M73 kernel: [    0.000000]   0 base 0000000000 mask 7E00000000 write-back
Sep 25 16:54:26 test1-ThinkCentre-M73 kernel: [    0.000000]   1 base 0200000000 mask 7FE0000000 write-back
Sep 25 16:54:26 test1-ThinkCentre-M73 kernel: [    0.000000]   2 base 00E0000000 mask 7FE0000000 uncachable
Sep 25 16:54:26 test1-ThinkCentre-M73 kernel: [    0.000000]   3 base 00DC000000 mask 7FFC000000 uncachable
Sep 25 16:54:26 test1-ThinkCentre-M73 kernel: [    0.000000]   4 base 00DB000000 mask 7FFF000000 uncachable
Sep 25 16:54:26 test1-ThinkCentre-M73 kernel: [    0.000000]   5 base 021FE00000 mask 7FFFE00000 uncachable
Sep 25 16:54:26 test1-ThinkCentre-M73 kernel: [    0.000000]   6 disabled
Sep 25 16:54:26 test1-ThinkCentre-M73 kernel: [    0.000000]   7 disabled
Sep 25 16:54:26 test1-ThinkCentre-M73 kernel: [    0.000000]   8 disabled
Sep 25 16:54:26 test1-ThinkCentre-M73 kernel: [    0.000000]   9 disabled
Sep 25 16:54:26 test1-ThinkCentre-M73 kernel: [    0.000000] x86/PAT: Configuration [0-7]: WB  WC  UC- UC  WB  WP  UC- WT  
Sep 25 16:54:26 test1-ThinkCentre-M73 kernel: [    0.000000] total RAM covered: 8110M
Sep 25 16:54:26 test1-ThinkCentre-M73 kernel: [    0.000000] Found optimal setting for mtrr clean up
Sep 25 16:54:26 test1-ThinkCentre-M73 kernel: [    0.000000]  gran_size: 64K 	chunk_size: 128M 	num_reg: 8  	lose cover RAM: 0G
Sep 25 16:54:26 test1-ThinkCentre-M73 kernel: [    0.000000] e820: update [mem 0xdb000000-0xffffffff] usable ==> reserved
Sep 25 16:54:26 test1-ThinkCentre-M73 kernel: [    0.000000] e820: last_pfn = 0xda000 max_arch_pfn = 0x400000000
Sep 25 16:54:26 test1-ThinkCentre-M73 kernel: [    0.000000] esrt: Reserving ESRT space from 0x00000000d9f66818 to 0x00000000d9f66850.
Sep 25 16:54:26 test1-ThinkCentre-M73 kernel: [    0.000000] Scanning 1 areas for low memory corruption
Sep 25 16:54:26 test1-ThinkCentre-M73 kernel: [    0.000000] Base memory trampoline at [        (ptrval)] 98000 size 24576
Sep 25 16:54:26 test1-ThinkCentre-M73 kernel: [    0.000000] Using GB pages for direct mapping
Sep 25 16:54:26 test1-ThinkCentre-M73 kernel: [    0.000000] BRK [0x138739000, 0x138739fff] PGTABLE
Sep 25 16:54:26 test1-ThinkCentre-M73 kernel: [    0.000000] BRK [0x13873a000, 0x13873afff] PGTABLE
Sep 25 16:54:26 test1-ThinkCentre-M73 kernel: [    0.000000] BRK [0x13873b000, 0x13873bfff] PGTABLE
Sep 25 16:54:26 test1-ThinkCentre-M73 kernel: [    0.000000] BRK [0x13873c000, 0x13873cfff] PGTABLE
Sep 25 16:54:26 test1-ThinkCentre-M73 kernel: [    0.000000] BRK [0x13873d000, 0x13873dfff] PGTABLE
Sep 25 16:54:26 test1-ThinkCentre-M73 kernel: [    0.000000] BRK [0x13873e000, 0x13873efff] PGTABLE
Sep 25 16:54:26 test1-ThinkCentre-M73 kernel: [    0.000000] BRK [0x13873f000, 0x13873ffff] PGTABLE
Sep 25 16:54:26 test1-ThinkCentre-M73 kernel: [    0.000000] BRK [0x138740000, 0x138740fff] PGTABLE
Sep 25 16:54:26 test1-ThinkCentre-M73 kernel: [    0.000000] BRK [0x138741000, 0x138741fff] PGTABLE
Sep 25 16:54:26 test1-ThinkCentre-M73 kernel: [    0.000000] BRK [0x138742000, 0x138742fff] PGTABLE
Sep 25 16:54:26 test1-ThinkCentre-M73 kernel: [    0.000000] BRK [0x138743000, 0x138743fff] PGTABLE
Sep 25 16:54:26 test1-ThinkCentre-M73 kernel: [    0.000000] Secure boot disabled
Sep 25 16:54:26 test1-ThinkCentre-M73 kernel: [    0.000000] RAMDISK: [mem 0x2517d000-0x3fffdfff]
Sep 25 16:54:26 test1-ThinkCentre-M73 kernel: [    0.000000] ACPI: Early table checksum verification disabled
Sep 25 16:54:26 test1-ThinkCentre-M73 kernel: [    0.000000] ACPI: RSDP 0x00000000D89CA000 000024 (v02 LENOVO)
Sep 25 16:54:26 test1-ThinkCentre-M73 kernel: [    0.000000] ACPI: XSDT 0x00000000D89CA090 00009C (v01 LENOVO TC-FH    00001360 AMI  00010013)
Sep 25 16:54:26 test1-ThinkCentre-M73 kernel: [    0.000000] ACPI: FACP 0x00000000D89DF1C8 00010C (v05 LENOVO TC-FH    00001360 AMI  00010013)
Sep 25 16:54:26 test1-ThinkCentre-M73 kernel: [    0.000000] ACPI: DSDT 0x00000000D89CA1B8 01500C (v02 LENOVO TC-FH    00001360 INTL 20120711)
Sep 25 16:54:26 test1-ThinkCentre-M73 kernel: [    0.000000] ACPI: FACS 0x00000000D9709F80 000040
Sep 25 16:54:26 test1-ThinkCentre-M73 kernel: [    0.000000] ACPI: APIC 0x00000000D89DF2D8 000072 (v03 LENOVO TC-FH    00001360 AMI  00010013)
Sep 25 16:54:26 test1-ThinkCentre-M73 kernel: [    0.000000] ACPI: FPDT 0x00000000D89DF350 000044 (v01 LENOVO TC-FH    00001360 AMI  00010013)
Sep 25 16:54:26 test1-ThinkCentre-M73 kernel: [    0.000000] ACPI: FIDT 0x00000000D89DF398 00009C (v01 LENOVO TC-FH    00001360 AMI  00010013)
Sep 25 16:54:26 test1-ThinkCentre-M73 kernel: [    0.000000] ACPI: ASF! 0x00000000D89DF438 0000A5 (v32 LENOVO TC-FH    00001360 TFSM 000F4240)
Sep 25 16:54:26 test1-ThinkCentre-M73 kernel: [    0.000000] ACPI: SSDT 0x00000000D89DF4E0 0004F7 (v01 LENOVO TC-FH    00001360 INTL 20120711)
Sep 25 16:54:26 test1-ThinkCentre-M73 kernel: [    0.000000] ACPI: SSDT 0x00000000D89DF9D8 000AD8 (v01 LENOVO TC-FH    00001360 INTL 20120711)
Sep 25 16:54:26 test1-ThinkCentre-M73 kernel: [    0.000000] ACPI: MCFG 0x00000000D89E04B0 00003C (v01 LENOVO TC-FH    00001360 MSFT 00000097)
Sep 25 16:54:26 test1-ThinkCentre-M73 kernel: [    0.000000] ACPI: SLIC 0x00000000D89E04F0 000176 (v01 LENOVO TC-FH    00001360 AMI  00010013)
Sep 25 16:54:26 test1-ThinkCentre-M73 kernel: [    0.000000] ACPI: HPET 0x00000000D89E0668 000038 (v01 LENOVO TC-FH    00001360 AMI. 00000005)
Sep 25 16:54:26 test1-ThinkCentre-M73 kernel: [    0.000000] ACPI: SSDT 0x00000000D89E06A0 00036D (v01 LENOVO TC-FH    00001360 INTL 20120711)
Sep 25 16:54:26 test1-ThinkCentre-M73 kernel: [    0.000000] ACPI: SSDT 0x00000000D89E0A10 003528 (v01 LENOVO TC-FH    00001360 INTL 20091112)
Sep 25 16:54:26 test1-ThinkCentre-M73 kernel: [    0.000000] ACPI: LUFT 0x00000000D89E3F38 0329E2 (v01 LENOVO TC-FH    00001360 AMI  00010013)
Sep 25 16:54:26 test1-ThinkCentre-M73 kernel: [    0.000000] ACPI: DMAR 0x00000000D8A16920 0000B8 (v01 LENOVO TC-FH    00001360 INTL 00000001)
Sep 25 16:54:26 test1-ThinkCentre-M73 kernel: [    0.000000] ACPI: BGRT 0x00000000D8A169D8 000038 (v00 LENOVO TC-FH    00001360 AMI  00010013)
Sep 25 16:54:26 test1-ThinkCentre-M73 kernel: [    0.000000] ACPI: Local APIC address 0xfee00000
Sep 25 16:54:26 test1-ThinkCentre-M73 kernel: [    0.000000] No NUMA configuration found
Sep 25 16:54:26 test1-ThinkCentre-M73 kernel: [    0.000000] Faking a node at [mem 0x0000000000000000-0x000000021fdfffff]
Sep 25 16:54:26 test1-ThinkCentre-M73 kernel: [    0.000000] NODE_DATA(0) allocated [mem 0x21fdd5000-0x21fdfffff]
Sep 25 16:54:26 test1-ThinkCentre-M73 kernel: [    0.000000] tsc: Fast TSC calibration using PIT
Sep 25 16:54:26 test1-ThinkCentre-M73 kernel: [    0.000000] Zone ranges:
Sep 25 16:54:26 test1-ThinkCentre-M73 kernel: [    0.000000]   DMA      [mem 0x0000000000001000-0x0000000000ffffff]
Sep 25 16:54:26 test1-ThinkCentre-M73 kernel: [    0.000000]   DMA32    [mem 0x0000000001000000-0x00000000ffffffff]
Sep 25 16:54:26 test1-ThinkCentre-M73 kernel: [    0.000000]   Normal   [mem 0x0000000100000000-0x000000021fdfffff]
Sep 25 16:54:26 test1-ThinkCentre-M73 kernel: [    0.000000]   Device   empty
Sep 25 16:54:26 test1-ThinkCentre-M73 kernel: [    0.000000] Movable zone start for each node
Sep 25 16:54:26 test1-ThinkCentre-M73 kernel: [    0.000000] Early memory node ranges
Sep 25 16:54:26 test1-ThinkCentre-M73 kernel: [    0.000000]   node   0: [mem 0x0000000000001000-0x0000000000057fff]
Sep 25 16:54:26 test1-ThinkCentre-M73 kernel: [    0.000000]   node   0: [mem 0x0000000000059000-0x000000000009dfff]
Sep 25 16:54:26 test1-ThinkCentre-M73 kernel: [    0.000000]   node   0: [mem 0x0000000000100000-0x00000000c78f1fff]
Sep 25 16:54:26 test1-ThinkCentre-M73 kernel: [    0.000000]   node   0: [mem 0x00000000c78f9000-0x00000000c7d27fff]
Sep 25 16:54:26 test1-ThinkCentre-M73 kernel: [    0.000000]   node   0: [mem 0x00000000c81bd000-0x00000000d891ffff]
Sep 25 16:54:26 test1-ThinkCentre-M73 kernel: [    0.000000]   node   0: [mem 0x00000000d9fff000-0x00000000d9ffffff]
Sep 25 16:54:26 test1-ThinkCentre-M73 kernel: [    0.000000]   node   0: [mem 0x0000000100000000-0x000000021fdfffff]
Sep 25 16:54:26 test1-ThinkCentre-M73 kernel: [    0.000000] Initmem setup node 0 [mem 0x0000000000001000-0x000000021fdfffff]
Sep 25 16:54:26 test1-ThinkCentre-M73 kernel: [    0.000000] On node 0 totalpages: 2064929
Sep 25 16:54:26 test1-ThinkCentre-M73 kernel: [    0.000000]   DMA zone: 64 pages used for memmap
Sep 25 16:54:26 test1-ThinkCentre-M73 kernel: [    0.000000]   DMA zone: 277 pages reserved
Sep 25 16:54:26 test1-ThinkCentre-M73 kernel: [    0.000000]   DMA zone: 3996 pages, LIFO batch:0
Sep 25 16:54:26 test1-ThinkCentre-M73 kernel: [    0.000000]   DMA32 zone: 13779 pages used for memmap
Sep 25 16:54:26 test1-ThinkCentre-M73 kernel: [    0.000000]   DMA32 zone: 881797 pages, LIFO batch:31
Sep 25 16:54:26 test1-ThinkCentre-M73 kernel: [    0.000000]   Normal zone: 18424 pages used for memmap
Sep 25 16:54:26 test1-ThinkCentre-M73 kernel: [    0.000000]   Normal zone: 1179136 pages, LIFO batch:31
Sep 25 16:54:26 test1-ThinkCentre-M73 kernel: [    0.000000] Reserved but unavailable: 99 pages
Sep 25 16:54:26 test1-ThinkCentre-M73 kernel: [    0.000000] Reserving Intel graphics memory at 0x00000000db200000-0x00000000df1fffff
Sep 25 16:54:26 test1-ThinkCentre-M73 kernel: [    0.000000] ACPI: PM-Timer IO Port: 0x1808
Sep 25 16:54:26 test1-ThinkCentre-M73 kernel: [    0.000000] ACPI: Local APIC address 0xfee00000
Sep 25 16:54:26 test1-ThinkCentre-M73 kernel: [    0.000000] ACPI: LAPIC_NMI (acpi_id[0xff] high edge lint[0x1])
Sep 25 16:54:26 test1-ThinkCentre-M73 kernel: [    0.000000] IOAPIC[0]: apic_id 8, version 32, address 0xfec00000, GSI 0-23
Sep 25 16:54:26 test1-ThinkCentre-M73 kernel: [    0.000000] ACPI: INT_SRC_OVR (bus 0 bus_irq 0 global_irq 2 dfl dfl)
Sep 25 16:54:26 test1-ThinkCentre-M73 kernel: [    0.000000] ACPI: INT_SRC_OVR (bus 0 bus_irq 9 global_irq 9 high level)
Sep 25 16:54:26 test1-ThinkCentre-M73 kernel: [    0.000000] ACPI: IRQ0 used by override.
Sep 25 16:54:26 test1-ThinkCentre-M73 kernel: [    0.000000] ACPI: IRQ9 used by override.
Sep 25 16:54:26 test1-ThinkCentre-M73 kernel: [    0.000000] Using ACPI (MADT) for SMP configuration information
Sep 25 16:54:26 test1-ThinkCentre-M73 kernel: [    0.000000] ACPI: HPET id: 0x8086a701 base: 0xfed00000
Sep 25 16:54:26 test1-ThinkCentre-M73 kernel: [    0.000000] smpboot: Allowing 4 CPUs, 0 hotplug CPUs
Sep 25 16:54:26 test1-ThinkCentre-M73 kernel: [    0.000000] PM: Registered nosave memory: [mem 0x00000000-0x00000fff]
Sep 25 16:54:26 test1-ThinkCentre-M73 kernel: [    0.000000] PM: Registered nosave memory: [mem 0x00058000-0x00058fff]
Sep 25 16:54:26 test1-ThinkCentre-M73 kernel: [    0.000000] PM: Registered nosave memory: [mem 0x0009e000-0x0009ffff]
Sep 25 16:54:26 test1-ThinkCentre-M73 kernel: [    0.000000] PM: Registered nosave memory: [mem 0x000a0000-0x000fffff]
Sep 25 16:54:26 test1-ThinkCentre-M73 kernel: [    0.000000] PM: Registered nosave memory: [mem 0xc78f2000-0xc78f8fff]
Sep 25 16:54:26 test1-ThinkCentre-M73 kernel: [    0.000000] PM: Registered nosave memory: [mem 0xc7d28000-0xc81bcfff]
Sep 25 16:54:26 test1-ThinkCentre-M73 kernel: [    0.000000] PM: Registered nosave memory: [mem 0xd8920000-0xd89b6fff]
Sep 25 16:54:26 test1-ThinkCentre-M73 kernel: [    0.000000] PM: Registered nosave memory: [mem 0xd89b7000-0xd8a16fff]
Sep 25 16:54:26 test1-ThinkCentre-M73 kernel: [    0.000000] PM: Registered nosave memory: [mem 0xd8a17000-0xd9709fff]
Sep 25 16:54:26 test1-ThinkCentre-M73 kernel: [    0.000000] PM: Registered nosave memory: [mem 0xd970a000-0xd9ffefff]
Sep 25 16:54:26 test1-ThinkCentre-M73 kernel: [    0.000000] PM: Registered nosave memory: [mem 0xda000000-0xdaffffff]
Sep 25 16:54:26 test1-ThinkCentre-M73 kernel: [    0.000000] PM: Registered nosave memory: [mem 0xdb000000-0xdf1fffff]
Sep 25 16:54:26 test1-ThinkCentre-M73 kernel: [    0.000000] PM: Registered nosave memory: [mem 0xdf200000-0xf7ffffff]
Sep 25 16:54:26 test1-ThinkCentre-M73 kernel: [    0.000000] PM: Registered nosave memory: [mem 0xf8000000-0xfbffffff]
Sep 25 16:54:26 test1-ThinkCentre-M73 kernel: [    0.000000] PM: Registered nosave memory: [mem 0xfc000000-0xfebfffff]
Sep 25 16:54:26 test1-ThinkCentre-M73 kernel: [    0.000000] PM: Registered nosave memory: [mem 0xfec00000-0xfec00fff]
Sep 25 16:54:26 test1-ThinkCentre-M73 kernel: [    0.000000] PM: Registered nosave memory: [mem 0xfec01000-0xfecfffff]
Sep 25 16:54:26 test1-ThinkCentre-M73 kernel: [    0.000000] PM: Registered nosave memory: [mem 0xfed00000-0xfed03fff]
Sep 25 16:54:26 test1-ThinkCentre-M73 kernel: [    0.000000] PM: Registered nosave memory: [mem 0xfed04000-0xfed1bfff]
Sep 25 16:54:26 test1-ThinkCentre-M73 kernel: [    0.000000] PM: Registered nosave memory: [mem 0xfed1c000-0xfed1ffff]
Sep 25 16:54:26 test1-ThinkCentre-M73 kernel: [    0.000000] PM: Registered nosave memory: [mem 0xfed20000-0xfedfffff]
Sep 25 16:54:26 test1-ThinkCentre-M73 kernel: [    0.000000] PM: Registered nosave memory: [mem 0xfee00000-0xfee00fff]
Sep 25 16:54:26 test1-ThinkCentre-M73 kernel: [    0.000000] PM: Registered nosave memory: [mem 0xfee01000-0xfeffffff]
Sep 25 16:54:26 test1-ThinkCentre-M73 kernel: [    0.000000] PM: Registered nosave memory: [mem 0xff000000-0xffffffff]
Sep 25 16:54:26 test1-ThinkCentre-M73 kernel: [    0.000000] e820: [mem 0xdf200000-0xf7ffffff] available for PCI devices
Sep 25 16:54:26 test1-ThinkCentre-M73 kernel: [    0.000000] Booting paravirtualized kernel on bare hardware
Sep 25 16:54:26 test1-ThinkCentre-M73 kernel: [    0.000000] clocksource: refined-jiffies: mask: 0xffffffff max_cycles: 0xffffffff, max_idle_ns: 7645519600211568 ns
Sep 25 16:54:26 test1-ThinkCentre-M73 kernel: [    0.000000] setup_percpu: NR_CPUS:8192 nr_cpumask_bits:4 nr_cpu_ids:4 nr_node_ids:1
Sep 25 16:54:26 test1-ThinkCentre-M73 kernel: [    0.000000] percpu: Embedded 46 pages/cpu @        (ptrval) s151552 r8192 d28672 u524288
Sep 25 16:54:26 test1-ThinkCentre-M73 kernel: [    0.000000] pcpu-alloc: s151552 r8192 d28672 u524288 alloc=1*2097152
Sep 25 16:54:26 test1-ThinkCentre-M73 kernel: [    0.000000] pcpu-alloc: [0] 0 1 2 3 
Sep 25 16:54:26 test1-ThinkCentre-M73 kernel: [    0.000000] Built 1 zonelists, mobility grouping on.  Total pages: 2032385
Sep 25 16:54:26 test1-ThinkCentre-M73 kernel: [    0.000000] Policy zone: Normal
Sep 25 16:54:26 test1-ThinkCentre-M73 kernel: [    0.000000] Kernel command line: BOOT_IMAGE=/boot/vmlinuz-4.15.1 root=UUID=aa1cc1e1-1b9b-4b82-8e10-217fd71cc0aa ro quiet splash vt.handoff=7
Sep 25 16:54:26 test1-ThinkCentre-M73 kernel: [    0.000000] Calgary: detecting Calgary via BIOS EBDA area
Sep 25 16:54:26 test1-ThinkCentre-M73 kernel: [    0.000000] Calgary: Unable to locate Rio Grande table in EBDA - bailing!
Sep 25 16:54:26 test1-ThinkCentre-M73 kernel: [    0.000000] Memory: 7538888K/8259716K available (12300K kernel code, 2470K rwdata, 4192K rodata, 2384K init, 2416K bss, 720828K reserved, 0K cma-reserved)
Sep 25 16:54:26 test1-ThinkCentre-M73 kernel: [    0.000000] SLUB: HWalign=64, Order=0-3, MinObjects=0, CPUs=4, Nodes=1
Sep 25 16:54:26 test1-ThinkCentre-M73 kernel: [    0.000000] Kernel/User page tables isolation: enabled
Sep 25 16:54:26 test1-ThinkCentre-M73 kernel: [    0.000000] ftrace: allocating 38959 entries in 153 pages
Sep 25 16:54:26 test1-ThinkCentre-M73 kernel: [    0.000000] Hierarchical RCU implementation.
Sep 25 16:54:26 test1-ThinkCentre-M73 kernel: [    0.000000] 	RCU restricting CPUs from NR_CPUS=8192 to nr_cpu_ids=4.
Sep 25 16:54:26 test1-ThinkCentre-M73 kernel: [    0.000000] 	Tasks RCU enabled.
Sep 25 16:54:26 test1-ThinkCentre-M73 kernel: [    0.000000] RCU: Adjusting geometry for rcu_fanout_leaf=16, nr_cpu_ids=4
Sep 25 16:54:26 test1-ThinkCentre-M73 kernel: [    0.000000] NR_IRQS: 524544, nr_irqs: 456, preallocated irqs: 16
Sep 25 16:54:26 test1-ThinkCentre-M73 kernel: [    0.000000] Console: colour dummy device 80x25
Sep 25 16:54:26 test1-ThinkCentre-M73 rsyslogd-2039: Could not open output pipe '/dev/xconsole':: No such file or directory [v8.16.0 try http://www.rsyslog.com/e/2039 ]
Sep 25 16:54:26 test1-ThinkCentre-M73 systemd-modules-load[262]: Inserted module 'lp'
Sep 25 16:54:26 test1-ThinkCentre-M73 systemd-modules-load[262]: Inserted module 'ppdev'
Sep 25 16:54:26 test1-ThinkCentre-M73 systemd-modules-load[262]: Inserted module 'parport_pc'
Sep 25 16:54:26 test1-ThinkCentre-M73 systemd[1]: Starting Flush Journal to Persistent Storage...
Sep 25 16:54:26 test1-ThinkCentre-M73 systemd[1]: Mounted FUSE Control File System.
Sep 25 16:54:26 test1-ThinkCentre-M73 systemd[1]: Mounted Configuration File System.
Sep 25 16:54:26 test1-ThinkCentre-M73 systemd[1]: Started Create Static Device Nodes in /dev.
Sep 25 16:54:26 test1-ThinkCentre-M73 kernel: [    0.000000] console [tty0] enabled
Sep 25 16:54:26 test1-ThinkCentre-M73 kernel: [    0.000000] ACPI: Core revision 20170831
Sep 25 16:54:26 test1-ThinkCentre-M73 kernel: [    0.000000] ACPI: 5 ACPI AML tables successfully acquired and loaded
Sep 25 16:54:26 test1-ThinkCentre-M73 kernel: [    0.000000] clocksource: hpet: mask: 0xffffffff max_cycles: 0xffffffff, max_idle_ns: 133484882848 ns
Sep 25 16:54:26 test1-ThinkCentre-M73 kernel: [    0.000000] hpet clockevent registered
Sep 25 16:54:26 test1-ThinkCentre-M73 kernel: [    0.000000] APIC: Switch to symmetric I/O mode setup
Sep 25 16:54:26 test1-ThinkCentre-M73 kernel: [    0.000000] DMAR: Host address width 39
Sep 25 16:54:26 test1-ThinkCentre-M73 kernel: [    0.000000] DMAR: DRHD base: 0x000000fed90000 flags: 0x0
Sep 25 16:54:26 test1-ThinkCentre-M73 kernel: [    0.000000] DMAR: dmar0: reg_base_addr fed90000 ver 1:0 cap c0000020660462 ecap f0101a
Sep 25 16:54:26 test1-ThinkCentre-M73 kernel: [    0.000000] DMAR: DRHD base: 0x000000fed91000 flags: 0x1
Sep 25 16:54:26 test1-ThinkCentre-M73 kernel: [    0.000000] DMAR: dmar1: reg_base_addr fed91000 ver 1:0 cap d2008020660462 ecap f010da
Sep 25 16:54:26 test1-ThinkCentre-M73 kernel: [    0.000000] DMAR: RMRR base: 0x000000d9e71000 end: 0x000000d9e97fff
Sep 25 16:54:26 test1-ThinkCentre-M73 kernel: [    0.000000] DMAR: RMRR base: 0x000000db000000 end: 0x000000df1fffff
Sep 25 16:54:26 test1-ThinkCentre-M73 kernel: [    0.000000] DMAR-IR: IOAPIC id 8 under DRHD base  0xfed91000 IOMMU 1
Sep 25 16:54:26 test1-ThinkCentre-M73 kernel: [    0.000000] DMAR-IR: HPET id 0 under DRHD base 0xfed91000
Sep 25 16:54:26 test1-ThinkCentre-M73 kernel: [    0.000000] DMAR-IR: Queued invalidation will be enabled to support x2apic and Intr-remapping.
Sep 25 16:54:26 test1-ThinkCentre-M73 kernel: [    0.000000] DMAR-IR: Enabled IRQ remapping in x2apic mode
Sep 25 16:54:26 test1-ThinkCentre-M73 kernel: [    0.000000] x2apic enabled
Sep 25 16:54:26 test1-ThinkCentre-M73 kernel: [    0.000000] Switched APIC routing to cluster x2apic.
Sep 25 16:54:26 test1-ThinkCentre-M73 kernel: [    0.000000] ..TIMER: vector=0x30 apic1=0 pin1=2 apic2=-1 pin2=-1
Sep 25 16:54:26 test1-ThinkCentre-M73 kernel: [    0.020000] tsc: Fast TSC calibration using PIT
Sep 25 16:54:26 test1-ThinkCentre-M73 kernel: [    0.024000] tsc: Detected 1995.188 MHz processor
Sep 25 16:54:26 test1-ThinkCentre-M73 kernel: [    0.024000] Calibrating delay loop (skipped), value calculated using timer frequency.. 3990.37 BogoMIPS (lpj=7980752)
Sep 25 16:54:26 test1-ThinkCentre-M73 kernel: [    0.024000] pid_max: default: 32768 minimum: 301
Sep 25 16:54:26 test1-ThinkCentre-M73 kernel: [    0.024000] Security Framework initialized
Sep 25 16:54:26 test1-ThinkCentre-M73 kernel: [    0.024000] Yama: becoming mindful.
Sep 25 16:54:26 test1-ThinkCentre-M73 kernel: [    0.024000] AppArmor: AppArmor initialized
Sep 25 16:54:26 test1-ThinkCentre-M73 kernel: [    0.024000] Dentry cache hash table entries: 1048576 (order: 11, 8388608 bytes)
Sep 25 16:54:26 test1-ThinkCentre-M73 kernel: [    0.028508] Inode-cache hash table entries: 524288 (order: 10, 4194304 bytes)
Sep 25 16:54:26 test1-ThinkCentre-M73 kernel: [    0.028539] Mount-cache hash table entries: 16384 (order: 5, 131072 bytes)
Sep 25 16:54:26 test1-ThinkCentre-M73 kernel: [    0.028557] Mountpoint-cache hash table entries: 16384 (order: 5, 131072 bytes)
Sep 25 16:54:26 test1-ThinkCentre-M73 kernel: [    0.028737] CPU: Physical Processor ID: 0
Sep 25 16:54:26 test1-ThinkCentre-M73 kernel: [    0.028738] CPU: Processor Core ID: 0
Sep 25 16:54:26 test1-ThinkCentre-M73 kernel: [    0.028742] ENERGY_PERF_BIAS: Set to 'normal', was 'performance'
Sep 25 16:54:26 test1-ThinkCentre-M73 kernel: [    0.028743] ENERGY_PERF_BIAS: View and update with x86_energy_perf_policy(8)
Sep 25 16:54:26 test1-ThinkCentre-M73 kernel: [    0.028752] mce: CPU supports 9 MCE banks
Sep 25 16:54:26 test1-ThinkCentre-M73 kernel: [    0.028761] CPU0: Thermal monitoring enabled (TM1)
Sep 25 16:54:26 test1-ThinkCentre-M73 kernel: [    0.028774] process: using mwait in idle threads
Sep 25 16:54:26 test1-ThinkCentre-M73 kernel: [    0.028776] Last level iTLB entries: 4KB 1024, 2MB 1024, 4MB 1024
Sep 25 16:54:26 test1-ThinkCentre-M73 kernel: [    0.028777] Last level dTLB entries: 4KB 1024, 2MB 1024, 4MB 1024, 1GB 4
Sep 25 16:54:26 test1-ThinkCentre-M73 kernel: [    0.028778] Spectre V2 mitigation: Mitigation: Full generic retpoline
Sep 25 16:54:26 test1-ThinkCentre-M73 kernel: [    0.029486] Freeing SMP alternatives memory: 36K
Sep 25 16:54:26 test1-ThinkCentre-M73 kernel: [    0.032851] TSC deadline timer enabled
Sep 25 16:54:26 test1-ThinkCentre-M73 kernel: [    0.032854] smpboot: CPU0: Intel(R) Core(TM) i5-4590T CPU @ 2.00GHz (family: 0x6, model: 0x3c, stepping: 0x3)
Sep 25 16:54:26 test1-ThinkCentre-M73 kernel: [    0.032910] Performance Events: PEBS fmt2+, Haswell events, 16-deep LBR, full-width counters, Intel PMU driver.
Sep 25 16:54:26 test1-ThinkCentre-M73 kernel: [    0.032948] ... version:                3
Sep 25 16:54:26 test1-ThinkCentre-M73 kernel: [    0.032949] ... bit width:              48
Sep 25 16:54:26 test1-ThinkCentre-M73 kernel: [    0.032949] ... generic registers:      8
Sep 25 16:54:26 test1-ThinkCentre-M73 kernel: [    0.032950] ... value mask:             0000ffffffffffff
Sep 25 16:54:26 test1-ThinkCentre-M73 kernel: [    0.032950] ... max period:             00007fffffffffff
Sep 25 16:54:26 test1-ThinkCentre-M73 kernel: [    0.032951] ... fixed-purpose events:   3
Sep 25 16:54:26 test1-ThinkCentre-M73 kernel: [    0.032951] ... event mask:             00000007000000ff
Sep 25 16:54:26 test1-ThinkCentre-M73 kernel: [    0.032979] Hierarchical SRCU implementation.
Sep 25 16:54:26 test1-ThinkCentre-M73 kernel: [    0.033867] NMI watchdog: Enabled. Permanently consumes one hw-PMU counter.
Sep 25 16:54:26 test1-ThinkCentre-M73 kernel: [    0.033879] smp: Bringing up secondary CPUs ...
Sep 25 16:54:26 test1-ThinkCentre-M73 kernel: [    0.033943] x86: Booting SMP configuration:
Sep 25 16:54:26 test1-ThinkCentre-M73 kernel: [    0.033943] .... node  #0, CPUs:      #1 #2 #3
Sep 25 16:54:26 test1-ThinkCentre-M73 kernel: [    0.037581] smp: Brought up 1 node, 4 CPUs
Sep 25 16:54:26 test1-ThinkCentre-M73 kernel: [    0.037581] smpboot: Max logical packages: 1
Sep 25 16:54:26 test1-ThinkCentre-M73 kernel: [    0.037581] smpboot: Total of 4 processors activated (15961.50 BogoMIPS)
Sep 25 16:54:26 test1-ThinkCentre-M73 kernel: [    0.040209] devtmpfs: initialized
Sep 25 16:54:26 test1-ThinkCentre-M73 kernel: [    0.040209] x86/mm: Memory block size: 128MB
Sep 25 16:54:26 test1-ThinkCentre-M73 kernel: [    0.040654] evm: security.selinux
Sep 25 16:54:26 test1-ThinkCentre-M73 kernel: [    0.040655] evm: security.SMACK64
Sep 25 16:54:26 test1-ThinkCentre-M73 kernel: [    0.040655] evm: security.SMACK64EXEC
Sep 25 16:54:26 test1-ThinkCentre-M73 kernel: [    0.040656] evm: security.SMACK64TRANSMUTE
Sep 25 16:54:26 test1-ThinkCentre-M73 kernel: [    0.040656] evm: security.SMACK64MMAP
Sep 25 16:54:26 test1-ThinkCentre-M73 kernel: [    0.040657] evm: security.apparmor
Sep 25 16:54:26 test1-ThinkCentre-M73 kernel: [    0.040657] evm: security.ima
Sep 25 16:54:26 test1-ThinkCentre-M73 kernel: [    0.040658] evm: security.capability
Sep 25 16:54:26 test1-ThinkCentre-M73 kernel: [    0.040671] PM: Registering ACPI NVS region [mem 0xc78f2000-0xc78f8fff] (28672 bytes)
Sep 25 16:54:26 test1-ThinkCentre-M73 kernel: [    0.040671] PM: Registering ACPI NVS region [mem 0xd8a17000-0xd9709fff] (13578240 bytes)
Sep 25 16:54:26 test1-ThinkCentre-M73 kernel: [    0.040671] clocksource: jiffies: mask: 0xffffffff max_cycles: 0xffffffff, max_idle_ns: 7645041785100000 ns
Sep 25 16:54:26 test1-ThinkCentre-M73 kernel: [    0.040671] futex hash table entries: 1024 (order: 4, 65536 bytes)
Sep 25 16:54:26 test1-ThinkCentre-M73 kernel: [    0.040671] pinctrl core: initialized pinctrl subsystem
Sep 25 16:54:26 test1-ThinkCentre-M73 kernel: [    0.040671] RTC time:  8:54:17, date: 09/25/21
Sep 25 16:54:26 test1-ThinkCentre-M73 kernel: [    0.040671] NET: Registered protocol family 16
Sep 25 16:54:26 test1-ThinkCentre-M73 kernel: [    0.040671] audit: initializing netlink subsys (disabled)
Sep 25 16:54:26 test1-ThinkCentre-M73 kernel: [    0.040671] audit: type=2000 audit(1632560057.040:1): state=initialized audit_enabled=0 res=1
Sep 25 16:54:26 test1-ThinkCentre-M73 kernel: [    0.040671] cpuidle: using governor ladder
Sep 25 16:54:26 test1-ThinkCentre-M73 kernel: [    0.040671] cpuidle: using governor menu
Sep 25 16:54:26 test1-ThinkCentre-M73 kernel: [    0.040671] ACPI: bus type PCI registered
Sep 25 16:54:26 test1-ThinkCentre-M73 kernel: [    0.040671] acpiphp: ACPI Hot Plug PCI Controller Driver version: 0.5
Sep 25 16:54:26 test1-ThinkCentre-M73 kernel: [    0.040671] PCI: MMCONFIG for domain 0000 [bus 00-3f] at [mem 0xf8000000-0xfbffffff] (base 0xf8000000)
Sep 25 16:54:26 test1-ThinkCentre-M73 kernel: [    0.040671] PCI: MMCONFIG at [mem 0xf8000000-0xfbffffff] reserved in E820
Sep 25 16:54:26 test1-ThinkCentre-M73 kernel: [    0.040671] PCI: Using configuration type 1 for base access
Sep 25 16:54:26 test1-ThinkCentre-M73 kernel: [    0.040671] core: PMU erratum BJ122, BV98, HSD29 workaround disabled, HT off
Sep 25 16:54:26 test1-ThinkCentre-M73 kernel: [    0.041171] HugeTLB registered 1.00 GiB page size, pre-allocated 0 pages
Sep 25 16:54:26 test1-ThinkCentre-M73 kernel: [    0.041171] HugeTLB registered 2.00 MiB page size, pre-allocated 0 pages
Sep 25 16:54:26 test1-ThinkCentre-M73 kernel: [    0.041171] ACPI: Added _OSI(Module Device)
Sep 25 16:54:26 test1-ThinkCentre-M73 kernel: [    0.041171] ACPI: Added _OSI(Processor Device)
Sep 25 16:54:26 test1-ThinkCentre-M73 kernel: [    0.041171] ACPI: Added _OSI(3.0 _SCP Extensions)
Sep 25 16:54:26 test1-ThinkCentre-M73 kernel: [    0.041171] ACPI: Added _OSI(Processor Aggregator Device)
Sep 25 16:54:26 test1-ThinkCentre-M73 kernel: [    0.041171] ACPI: Executed 1 blocks of module-level executable AML code
Sep 25 16:54:26 test1-ThinkCentre-M73 kernel: [    0.055235] ACPI: [Firmware Bug]: BIOS _OSI(Linux) query ignored
Sep 25 16:54:26 test1-ThinkCentre-M73 kernel: [    0.056222] ACPI: Dynamic OEM Table Load:
Sep 25 16:54:26 test1-ThinkCentre-M73 kernel: [    0.056222] ACPI: SSDT 0xFFFF8B9095972400 0003D3 (v01 PmRef  Cpu0Cst  00003001 INTL 20120711)
Sep 25 16:54:26 test1-ThinkCentre-M73 kernel: [    0.056419] ACPI: Dynamic OEM Table Load:
Sep 25 16:54:26 test1-ThinkCentre-M73 kernel: [    0.056425] ACPI: SSDT 0xFFFF8B9095EDE800 0005AA (v01 PmRef  ApIst    00003000 INTL 20120711)
Sep 25 16:54:26 test1-ThinkCentre-M73 kernel: [    0.057044] ACPI: Dynamic OEM Table Load:
Sep 25 16:54:26 test1-ThinkCentre-M73 kernel: [    0.057044] ACPI: SSDT 0xFFFF8B90958B0600 000119 (v01 PmRef  ApCst    00003000 INTL 20120711)
Sep 25 16:54:26 test1-ThinkCentre-M73 kernel: [    0.057653] ACPI: Interpreter enabled
Sep 25 16:54:26 test1-ThinkCentre-M73 kernel: [    0.057685] ACPI: (supports S0 S3 S4 S5)
Sep 25 16:54:26 test1-ThinkCentre-M73 kernel: [    0.057686] ACPI: Using IOAPIC for interrupt routing
Sep 25 16:54:26 test1-ThinkCentre-M73 kernel: [    0.057715] PCI: Using host bridge windows from ACPI; if necessary, use "pci=nocrs" and report a bug
Sep 25 16:54:26 test1-ThinkCentre-M73 kernel: [    0.060188] ACPI: GPE 0x10 active on init
Sep 25 16:54:26 test1-ThinkCentre-M73 kernel: [    0.060199] ACPI: Enabled 9 GPEs in block 00 to 3F
Sep 25 16:54:26 test1-ThinkCentre-M73 kernel: [    0.072385] ACPI: Power Resource [FN00] (off)
Sep 25 16:54:26 test1-ThinkCentre-M73 kernel: [    0.072468] ACPI: Power Resource [FN01] (off)
Sep 25 16:54:26 test1-ThinkCentre-M73 kernel: [    0.072550] ACPI: Power Resource [FN02] (off)
Sep 25 16:54:26 test1-ThinkCentre-M73 kernel: [    0.072636] ACPI: Power Resource [FN03] (off)
Sep 25 16:54:26 test1-ThinkCentre-M73 kernel: [    0.072716] ACPI: Power Resource [FN04] (off)
Sep 25 16:54:26 test1-ThinkCentre-M73 kernel: [    0.073914] ACPI: PCI Root Bridge [PCI0] (domain 0000 [bus 00-3e])
Sep 25 16:54:26 test1-ThinkCentre-M73 kernel: [    0.073919] acpi PNP0A08:00: _OSC: OS supports [ExtendedConfig ASPM ClockPM Segments MSI]
Sep 25 16:54:26 test1-ThinkCentre-M73 kernel: [    0.074720] acpi PNP0A08:00: _OSC: OS now controls [PCIeHotplug PME AER PCIeCapability]
Sep 25 16:54:26 test1-ThinkCentre-M73 kernel: [    0.075211] PCI host bridge to bus 0000:00
Sep 25 16:54:26 test1-ThinkCentre-M73 kernel: [    0.075213] pci_bus 0000:00: root bus resource [io  0x0000-0x0cf7 window]
Sep 25 16:54:26 test1-ThinkCentre-M73 kernel: [    0.075214] pci_bus 0000:00: root bus resource [io  0x0d00-0xffff window]
Sep 25 16:54:26 test1-ThinkCentre-M73 kernel: [    0.075216] pci_bus 0000:00: root bus resource [mem 0x000a0000-0x000bffff window]
Sep 25 16:54:26 test1-ThinkCentre-M73 kernel: [    0.075217] pci_bus 0000:00: root bus resource [mem 0x000c0000-0x000c3fff window]
Sep 25 16:54:26 test1-ThinkCentre-M73 kernel: [    0.075218] pci_bus 0000:00: root bus resource [mem 0x000c4000-0x000c7fff window]
Sep 25 16:54:26 test1-ThinkCentre-M73 kernel: [    0.075221] pci_bus 0000:00: root bus resource [mem 0x000c8000-0x000cbfff window]
Sep 25 16:54:26 test1-ThinkCentre-M73 kernel: [    0.075222] pci_bus 0000:00: root bus resource [mem 0x000cc000-0x000cffff window]
Sep 25 16:54:26 test1-ThinkCentre-M73 kernel: [    0.075223] pci_bus 0000:00: root bus resource [mem 0x000d0000-0x000d3fff window]
Sep 25 16:54:26 test1-ThinkCentre-M73 kernel: [    0.075225] pci_bus 0000:00: root bus resource [mem 0x000d4000-0x000d7fff window]
Sep 25 16:54:26 test1-ThinkCentre-M73 kernel: [    0.075226] pci_bus 0000:00: root bus resource [mem 0x000d8000-0x000dbfff window]
Sep 25 16:54:26 test1-ThinkCentre-M73 kernel: [    0.075227] pci_bus 0000:00: root bus resource [mem 0x000dc000-0x000dffff window]
Sep 25 16:54:26 test1-ThinkCentre-M73 kernel: [    0.075228] pci_bus 0000:00: root bus resource [mem 0xdf200000-0xfeafffff window]
Sep 25 16:54:26 test1-ThinkCentre-M73 kernel: [    0.075230] pci_bus 0000:00: root bus resource [bus 00-3e]
Sep 25 16:54:26 test1-ThinkCentre-M73 kernel: [    0.075237] pci 0000:00:00.0: [8086:0c00] type 00 class 0x060000
Sep 25 16:54:26 test1-ThinkCentre-M73 kernel: [    0.075328] pci 0000:00:02.0: [8086:0412] type 00 class 0x030000
Sep 25 16:54:26 test1-ThinkCentre-M73 kernel: [    0.075338] pci 0000:00:02.0: reg 0x10: [mem 0xf7800000-0xf7bfffff 64bit]
Sep 25 16:54:26 test1-ThinkCentre-M73 kernel: [    0.075343] pci 0000:00:02.0: reg 0x18: [mem 0xe0000000-0xefffffff 64bit pref]
Sep 25 16:54:26 test1-ThinkCentre-M73 kernel: [    0.075347] pci 0000:00:02.0: reg 0x20: [io  0xf000-0xf03f]
Sep 25 16:54:26 test1-ThinkCentre-M73 kernel: [    0.075358] pci 0000:00:02.0: BAR 2: assigned to efifb
Sep 25 16:54:26 test1-ThinkCentre-M73 kernel: [    0.075435] pci 0000:00:03.0: [8086:0c0c] type 00 class 0x040300
Sep 25 16:54:26 test1-ThinkCentre-M73 kernel: [    0.075443] pci 0000:00:03.0: reg 0x10: [mem 0xf7d34000-0xf7d37fff 64bit]
Sep 25 16:54:26 test1-ThinkCentre-M73 kernel: [    0.075545] pci 0000:00:14.0: [8086:8c31] type 00 class 0x0c0330
Sep 25 16:54:26 test1-ThinkCentre-M73 kernel: [    0.075565] pci 0000:00:14.0: reg 0x10: [mem 0xf7d20000-0xf7d2ffff 64bit]
Sep 25 16:54:26 test1-ThinkCentre-M73 kernel: [    0.075623] pci 0000:00:14.0: PME# supported from D3hot D3cold
Sep 25 16:54:26 test1-ThinkCentre-M73 kernel: [    0.075696] pci 0000:00:16.0: [8086:8c3a] type 00 class 0x078000
Sep 25 16:54:26 test1-ThinkCentre-M73 kernel: [    0.075716] pci 0000:00:16.0: reg 0x10: [mem 0xf7d3f000-0xf7d3f00f 64bit]
Sep 25 16:54:26 test1-ThinkCentre-M73 kernel: [    0.075776] pci 0000:00:16.0: PME# supported from D0 D3hot D3cold
Sep 25 16:54:26 test1-ThinkCentre-M73 kernel: [    0.075853] pci 0000:00:19.0: [8086:153b] type 00 class 0x020000
Sep 25 16:54:26 test1-ThinkCentre-M73 kernel: [    0.075871] pci 0000:00:19.0: reg 0x10: [mem 0xf7d00000-0xf7d1ffff]
Sep 25 16:54:26 test1-ThinkCentre-M73 kernel: [    0.075879] pci 0000:00:19.0: reg 0x14: [mem 0xf7d3d000-0xf7d3dfff]
Sep 25 16:54:26 test1-ThinkCentre-M73 kernel: [    0.075887] pci 0000:00:19.0: reg 0x18: [io  0xf080-0xf09f]
Sep 25 16:54:26 test1-ThinkCentre-M73 kernel: [    0.075942] pci 0000:00:19.0: PME# supported from D0 D3hot D3cold
Sep 25 16:54:26 test1-ThinkCentre-M73 kernel: [    0.076015] pci 0000:00:1a.0: [8086:8c2d] type 00 class 0x0c0320
Sep 25 16:54:26 test1-ThinkCentre-M73 kernel: [    0.076036] pci 0000:00:1a.0: reg 0x10: [mem 0xf7d3c000-0xf7d3c3ff]
Sep 25 16:54:26 test1-ThinkCentre-M73 kernel: [    0.076116] pci 0000:00:1a.0: PME# supported from D0 D3hot D3cold
Sep 25 16:54:26 test1-ThinkCentre-M73 kernel: [    0.076192] pci 0000:00:1b.0: [8086:8c20] type 00 class 0x040300
Sep 25 16:54:26 test1-ThinkCentre-M73 kernel: [    0.076209] pci 0000:00:1b.0: reg 0x10: [mem 0xf7d30000-0xf7d33fff 64bit]
Sep 25 16:54:26 test1-ThinkCentre-M73 kernel: [    0.076267] pci 0000:00:1b.0: PME# supported from D0 D3hot D3cold
Sep 25 16:54:26 test1-ThinkCentre-M73 kernel: [    0.076344] pci 0000:00:1c.0: [8086:8c10] type 01 class 0x060400
Sep 25 16:54:26 test1-ThinkCentre-M73 kernel: [    0.076413] pci 0000:00:1c.0: PME# supported from D0 D3hot D3cold
Sep 25 16:54:26 test1-ThinkCentre-M73 kernel: [    0.076548] pci 0000:00:1c.3: [8086:8c16] type 01 class 0x060400
Sep 25 16:54:26 test1-ThinkCentre-M73 kernel: [    0.076618] pci 0000:00:1c.3: PME# supported from D0 D3hot D3cold
Sep 25 16:54:26 test1-ThinkCentre-M73 kernel: [    0.076750] pci 0000:00:1d.0: [8086:8c26] type 00 class 0x0c0320
Sep 25 16:54:26 test1-ThinkCentre-M73 kernel: [    0.076771] pci 0000:00:1d.0: reg 0x10: [mem 0xf7d3b000-0xf7d3b3ff]
Sep 25 16:54:26 test1-ThinkCentre-M73 kernel: [    0.076851] pci 0000:00:1d.0: PME# supported from D0 D3hot D3cold
Sep 25 16:54:26 test1-ThinkCentre-M73 kernel: [    0.076929] pci 0000:00:1f.0: [8086:8c5c] type 00 class 0x060100
Sep 25 16:54:26 test1-ThinkCentre-M73 kernel: [    0.077096] pci 0000:00:1f.2: [8086:8c02] type 00 class 0x010601
Sep 25 16:54:26 test1-ThinkCentre-M73 kernel: [    0.077113] pci 0000:00:1f.2: reg 0x10: [io  0xf0d0-0xf0d7]
Sep 25 16:54:26 test1-ThinkCentre-M73 kernel: [    0.077120] pci 0000:00:1f.2: reg 0x14: [io  0xf0c0-0xf0c3]
Sep 25 16:54:26 test1-ThinkCentre-M73 kernel: [    0.077127] pci 0000:00:1f.2: reg 0x18: [io  0xf0b0-0xf0b7]
Sep 25 16:54:26 test1-ThinkCentre-M73 kernel: [    0.077134] pci 0000:00:1f.2: reg 0x1c: [io  0xf0a0-0xf0a3]
Sep 25 16:54:26 test1-ThinkCentre-M73 kernel: [    0.077141] pci 0000:00:1f.2: reg 0x20: [io  0xf060-0xf07f]
Sep 25 16:54:26 test1-ThinkCentre-M73 kernel: [    0.077149] pci 0000:00:1f.2: reg 0x24: [mem 0xf7d3a000-0xf7d3a7ff]
Sep 25 16:54:26 test1-ThinkCentre-M73 kernel: [    0.077183] pci 0000:00:1f.2: PME# supported from D3hot
Sep 25 16:54:26 test1-ThinkCentre-M73 kernel: [    0.077252] pci 0000:00:1f.3: [8086:8c22] type 00 class 0x0c0500
Sep 25 16:54:26 test1-ThinkCentre-M73 kernel: [    0.077270] pci 0000:00:1f.3: reg 0x10: [mem 0xf7d39000-0xf7d390ff 64bit]
Sep 25 16:54:26 test1-ThinkCentre-M73 kernel: [    0.077289] pci 0000:00:1f.3: reg 0x20: [io  0x0580-0x059f]
Sep 25 16:54:26 test1-ThinkCentre-M73 kernel: [    0.077427] pci 0000:00:1c.0: PCI bridge to [bus 01]
Sep 25 16:54:26 test1-ThinkCentre-M73 kernel: [    0.077517] pci 0000:02:00.0: [168c:0034] type 00 class 0x028000
Sep 25 16:54:26 test1-ThinkCentre-M73 kernel: [    0.077568] pci 0000:02:00.0: reg 0x10: [mem 0xf7c00000-0xf7c7ffff 64bit]
Sep 25 16:54:26 test1-ThinkCentre-M73 kernel: [    0.077627] pci 0000:02:00.0: reg 0x30: [mem 0xf7c80000-0xf7c8ffff pref]
Sep 25 16:54:26 test1-ThinkCentre-M73 kernel: [    0.077742] pci 0000:02:00.0: supports D1
Sep 25 16:54:26 test1-ThinkCentre-M73 kernel: [    0.077743] pci 0000:02:00.0: PME# supported from D0 D1 D3hot
Sep 25 16:54:26 test1-ThinkCentre-M73 kernel: [    0.088030] pci 0000:00:1c.3: PCI bridge to [bus 02]
Sep 25 16:54:26 test1-ThinkCentre-M73 kernel: [    0.088036] pci 0000:00:1c.3:   bridge window [mem 0xf7c00000-0xf7cfffff]
Sep 25 16:54:26 test1-ThinkCentre-M73 kernel: [    0.089098] ACPI: PCI Interrupt Link [LNKA] (IRQs 3 4 5 6 10 11 12 14 15) *0, disabled.
Sep 25 16:54:26 test1-ThinkCentre-M73 kernel: [    0.089183] ACPI: PCI Interrupt Link [LNKB] (IRQs 3 4 5 6 10 11 12 14 15) *0, disabled.
Sep 25 16:54:26 test1-ThinkCentre-M73 kernel: [    0.089264] ACPI: PCI Interrupt Link [LNKC] (IRQs 3 4 5 6 10 11 12 14 15) *0, disabled.
Sep 25 16:54:26 test1-ThinkCentre-M73 kernel: [    0.089345] ACPI: PCI Interrupt Link [LNKD] (IRQs 3 4 5 6 10 11 12 14 15) *0, disabled.
Sep 25 16:54:26 test1-ThinkCentre-M73 kernel: [    0.089425] ACPI: PCI Interrupt Link [LNKE] (IRQs 3 4 5 6 10 11 12 14 15) *0, disabled.
Sep 25 16:54:26 test1-ThinkCentre-M73 kernel: [    0.089506] ACPI: PCI Interrupt Link [LNKF] (IRQs 3 4 5 6 10 11 12 14 15) *0, disabled.
Sep 25 16:54:26 test1-ThinkCentre-M73 kernel: [    0.089590] ACPI: PCI Interrupt Link [LNKG] (IRQs 3 4 5 6 10 11 12 14 15) *0, disabled.
Sep 25 16:54:26 test1-ThinkCentre-M73 kernel: [    0.089653] ACPI: PCI Interrupt Link [LNKH] (IRQs 3 4 5 6 10 11 12 14 15) *0, disabled.
Sep 25 16:54:26 test1-ThinkCentre-M73 kernel: [    0.090166] pci 0000:00:02.0: vgaarb: setting as boot VGA device
Sep 25 16:54:26 test1-ThinkCentre-M73 kernel: [    0.090166] pci 0000:00:02.0: vgaarb: VGA device added: decodes=io+mem,owns=io+mem,locks=none
Sep 25 16:54:26 test1-ThinkCentre-M73 kernel: [    0.090166] pci 0000:00:02.0: vgaarb: bridge control possible
Sep 25 16:54:26 test1-ThinkCentre-M73 kernel: [    0.090166] vgaarb: loaded
Sep 25 16:54:26 test1-ThinkCentre-M73 kernel: [    0.090166] SCSI subsystem initialized
Sep 25 16:54:26 test1-ThinkCentre-M73 kernel: [    0.090166] libata version 3.00 loaded.
Sep 25 16:54:26 test1-ThinkCentre-M73 kernel: [    0.090166] ACPI: bus type USB registered
Sep 25 16:54:26 test1-ThinkCentre-M73 kernel: [    0.090166] usbcore: registered new interface driver usbfs
Sep 25 16:54:26 test1-ThinkCentre-M73 kernel: [    0.090166] usbcore: registered new interface driver hub
Sep 25 16:54:26 test1-ThinkCentre-M73 kernel: [    0.090166] usbcore: registered new device driver usb
Sep 25 16:54:26 test1-ThinkCentre-M73 kernel: [    0.090166] EDAC MC: Ver: 3.0.0
Sep 25 16:54:26 test1-ThinkCentre-M73 kernel: [    0.090166] Registered efivars operations
Sep 25 16:54:26 test1-ThinkCentre-M73 kernel: [    0.092021] PCI: Using ACPI for IRQ routing
Sep 25 16:54:26 test1-ThinkCentre-M73 kernel: [    0.096444] PCI: pci_cache_line_size set to 64 bytes
Sep 25 16:54:26 test1-ThinkCentre-M73 kernel: [    0.096487] e820: reserve RAM buffer [mem 0x00058000-0x0005ffff]
Sep 25 16:54:26 test1-ThinkCentre-M73 kernel: [    0.096488] e820: reserve RAM buffer [mem 0x0009e000-0x0009ffff]
Sep 25 16:54:26 test1-ThinkCentre-M73 kernel: [    0.096489] e820: reserve RAM buffer [mem 0xc78f2000-0xc7ffffff]
Sep 25 16:54:26 test1-ThinkCentre-M73 kernel: [    0.096490] e820: reserve RAM buffer [mem 0xc7d28000-0xc7ffffff]
Sep 25 16:54:26 test1-ThinkCentre-M73 kernel: [    0.096491] e820: reserve RAM buffer [mem 0xd8920000-0xdbffffff]
Sep 25 16:54:26 test1-ThinkCentre-M73 kernel: [    0.096492] e820: reserve RAM buffer [mem 0xda000000-0xdbffffff]
Sep 25 16:54:26 test1-ThinkCentre-M73 kernel: [    0.096493] e820: reserve RAM buffer [mem 0x21fe00000-0x21fffffff]
Sep 25 16:54:26 test1-ThinkCentre-M73 kernel: [    0.096573] NetLabel: Initializing
Sep 25 16:54:26 test1-ThinkCentre-M73 kernel: [    0.096574] NetLabel:  domain hash size = 128
Sep 25 16:54:26 test1-ThinkCentre-M73 kernel: [    0.096574] NetLabel:  protocols = UNLABELED CIPSOv4 CALIPSO
Sep 25 16:54:26 test1-ThinkCentre-M73 kernel: [    0.096586] NetLabel:  unlabeled traffic allowed by default
Sep 25 16:54:26 test1-ThinkCentre-M73 kernel: [    0.096628] hpet0: at MMIO 0xfed00000, IRQs 2, 8, 0, 0, 0, 0, 0, 0
Sep 25 16:54:26 test1-ThinkCentre-M73 kernel: [    0.096634] hpet0: 8 comparators, 64-bit 14.318180 MHz counter
Sep 25 16:54:26 test1-ThinkCentre-M73 kernel: [    0.098657] clocksource: Switched to clocksource hpet
Sep 25 16:54:26 test1-ThinkCentre-M73 kernel: [    0.105253] VFS: Disk quotas dquot_6.6.0
Sep 25 16:54:26 test1-ThinkCentre-M73 kernel: [    0.105268] VFS: Dquot-cache hash table entries: 512 (order 0, 4096 bytes)
Sep 25 16:54:26 test1-ThinkCentre-M73 kernel: [    0.105356] AppArmor: AppArmor Filesystem Enabled
Sep 25 16:54:26 test1-ThinkCentre-M73 kernel: [    0.105379] pnp: PnP ACPI init
Sep 25 16:54:26 test1-ThinkCentre-M73 kernel: [    0.105498] system 00:00: [mem 0xfed40000-0xfed44fff] has been reserved
Sep 25 16:54:26 test1-ThinkCentre-M73 kernel: [    0.105502] system 00:00: Plug and Play ACPI device, IDs PNP0c01 (active)
Sep 25 16:54:26 test1-ThinkCentre-M73 kernel: [    0.105712] system 00:01: [io  0x0680-0x069f] has been reserved
Sep 25 16:54:26 test1-ThinkCentre-M73 kernel: [    0.105714] system 00:01: [io  0xffff] has been reserved
Sep 25 16:54:26 test1-ThinkCentre-M73 kernel: [    0.105715] system 00:01: [io  0xffff] has been reserved
Sep 25 16:54:26 test1-ThinkCentre-M73 kernel: [    0.105717] system 00:01: [io  0xffff] has been reserved
Sep 25 16:54:26 test1-ThinkCentre-M73 kernel: [    0.105718] system 00:01: [io  0x1c00-0x1cfe] has been reserved
Sep 25 16:54:26 test1-ThinkCentre-M73 kernel: [    0.105719] system 00:01: [io  0x1d00-0x1dfe] has been reserved
Sep 25 16:54:26 test1-ThinkCentre-M73 kernel: [    0.105721] system 00:01: [io  0x1e00-0x1efe] has been reserved
Sep 25 16:54:26 test1-ThinkCentre-M73 kernel: [    0.105722] system 00:01: [io  0x1f00-0x1ffe] has been reserved
Sep 25 16:54:26 test1-ThinkCentre-M73 kernel: [    0.105723] system 00:01: [io  0x1800-0x18fe] has been reserved
Sep 25 16:54:26 test1-ThinkCentre-M73 kernel: [    0.105725] system 00:01: [io  0x164e-0x164f] has been reserved
Sep 25 16:54:26 test1-ThinkCentre-M73 kernel: [    0.105728] system 00:01: Plug and Play ACPI device, IDs PNP0c02 (active)
Sep 25 16:54:26 test1-ThinkCentre-M73 kernel: [    0.105749] pnp 00:02: Plug and Play ACPI device, IDs PNP0b00 (active)
Sep 25 16:54:26 test1-ThinkCentre-M73 kernel: [    0.105797] system 00:03: [io  0x1854-0x1857] has been reserved
Sep 25 16:54:26 test1-ThinkCentre-M73 kernel: [    0.105800] system 00:03: Plug and Play ACPI device, IDs INT3f0d PNP0c02 (active)
Sep 25 16:54:26 test1-ThinkCentre-M73 kernel: [    0.105969] system 00:04: [io  0x0a00-0x0a2f] has been reserved
Sep 25 16:54:26 test1-ThinkCentre-M73 kernel: [    0.105971] system 00:04: [io  0x0a30-0x0a3f] has been reserved
Sep 25 16:54:26 test1-ThinkCentre-M73 kernel: [    0.105972] system 00:04: [io  0x0a40-0x0a4f] has been reserved
Sep 25 16:54:26 test1-ThinkCentre-M73 kernel: [    0.105975] system 00:04: Plug and Play ACPI device, IDs PNP0c02 (active)
Sep 25 16:54:26 test1-ThinkCentre-M73 kernel: [    0.106025] system 00:05: [io  0x04d0-0x04d1] has been reserved
Sep 25 16:54:26 test1-ThinkCentre-M73 kernel: [    0.106028] system 00:05: Plug and Play ACPI device, IDs PNP0c02 (active)
Sep 25 16:54:26 test1-ThinkCentre-M73 kernel: [    0.106563] system 00:06: [mem 0xfed1c000-0xfed1ffff] has been reserved
Sep 25 16:54:26 test1-ThinkCentre-M73 kernel: [    0.106564] system 00:06: [mem 0xfed10000-0xfed17fff] has been reserved
Sep 25 16:54:26 test1-ThinkCentre-M73 kernel: [    0.106566] system 00:06: [mem 0xfed18000-0xfed18fff] has been reserved
Sep 25 16:54:26 test1-ThinkCentre-M73 kernel: [    0.106567] system 00:06: [mem 0xfed19000-0xfed19fff] has been reserved
Sep 25 16:54:26 test1-ThinkCentre-M73 kernel: [    0.106569] system 00:06: [mem 0xf8000000-0xfbffffff] has been reserved
Sep 25 16:54:26 test1-ThinkCentre-M73 kernel: [    0.106570] system 00:06: [mem 0xfed20000-0xfed3ffff] has been reserved
Sep 25 16:54:26 test1-ThinkCentre-M73 kernel: [    0.106572] system 00:06: [mem 0xfed90000-0xfed93fff] could not be reserved
Sep 25 16:54:26 test1-ThinkCentre-M73 kernel: [    0.106573] system 00:06: [mem 0xfed45000-0xfed8ffff] has been reserved
Sep 25 16:54:26 test1-ThinkCentre-M73 kernel: [    0.106575] system 00:06: [mem 0xff000000-0xffffffff] has been reserved
Sep 25 16:54:26 test1-ThinkCentre-M73 kernel: [    0.106577] system 00:06: [mem 0xfee00000-0xfeefffff] could not be reserved
Sep 25 16:54:26 test1-ThinkCentre-M73 kernel: [    0.106578] system 00:06: [mem 0xf7fdf000-0xf7fdffff] has been reserved
Sep 25 16:54:26 test1-ThinkCentre-M73 kernel: [    0.106580] system 00:06: [mem 0xf7fe0000-0xf7feffff] has been reserved
Sep 25 16:54:26 test1-ThinkCentre-M73 kernel: [    0.106583] system 00:06: Plug and Play ACPI device, IDs PNP0c02 (active)
Sep 25 16:54:26 test1-ThinkCentre-M73 kernel: [    0.106916] pnp: PnP ACPI: found 7 devices
Sep 25 16:54:26 test1-ThinkCentre-M73 kernel: [    0.112892] clocksource: acpi_pm: mask: 0xffffff max_cycles: 0xffffff, max_idle_ns: 2085701024 ns
Sep 25 16:54:26 test1-ThinkCentre-M73 kernel: [    0.112905] pci 0000:00:1c.0: bridge window [io  0x1000-0x0fff] to [bus 01] add_size 1000
Sep 25 16:54:26 test1-ThinkCentre-M73 kernel: [    0.112907] pci 0000:00:1c.0: bridge window [mem 0x00100000-0x000fffff 64bit pref] to [bus 01] add_size 200000 add_align 100000
Sep 25 16:54:26 test1-ThinkCentre-M73 kernel: [    0.112909] pci 0000:00:1c.0: bridge window [mem 0x00100000-0x000fffff] to [bus 01] add_size 200000 add_align 100000
Sep 25 16:54:26 test1-ThinkCentre-M73 kernel: [    0.112924] pci 0000:00:1c.0: BAR 14: assigned [mem 0xdf200000-0xdf3fffff]
Sep 25 16:54:26 test1-ThinkCentre-M73 kernel: [    0.112931] pci 0000:00:1c.0: BAR 15: assigned [mem 0xdf400000-0xdf5fffff 64bit pref]
Sep 25 16:54:26 test1-ThinkCentre-M73 kernel: [    0.112933] pci 0000:00:1c.0: BAR 13: assigned [io  0x2000-0x2fff]
Sep 25 16:54:26 test1-ThinkCentre-M73 kernel: [    0.112936] pci 0000:00:1c.0: PCI bridge to [bus 01]
Sep 25 16:54:26 test1-ThinkCentre-M73 kernel: [    0.112938] pci 0000:00:1c.0:   bridge window [io  0x2000-0x2fff]
Sep 25 16:54:26 test1-ThinkCentre-M73 kernel: [    0.112943] pci 0000:00:1c.0:   bridge window [mem 0xdf200000-0xdf3fffff]
Sep 25 16:54:26 test1-ThinkCentre-M73 kernel: [    0.112946] pci 0000:00:1c.0:   bridge window [mem 0xdf400000-0xdf5fffff 64bit pref]
Sep 25 16:54:26 test1-ThinkCentre-M73 kernel: [    0.112952] pci 0000:00:1c.3: PCI bridge to [bus 02]
Sep 25 16:54:26 test1-ThinkCentre-M73 kernel: [    0.112957] pci 0000:00:1c.3:   bridge window [mem 0xf7c00000-0xf7cfffff]
Sep 25 16:54:26 test1-ThinkCentre-M73 kernel: [    0.112965] pci_bus 0000:00: resource 4 [io  0x0000-0x0cf7 window]
Sep 25 16:54:26 test1-ThinkCentre-M73 kernel: [    0.112966] pci_bus 0000:00: resource 5 [io  0x0d00-0xffff window]
Sep 25 16:54:26 test1-ThinkCentre-M73 kernel: [    0.112967] pci_bus 0000:00: resource 6 [mem 0x000a0000-0x000bffff window]
Sep 25 16:54:26 test1-ThinkCentre-M73 kernel: [    0.112968] pci_bus 0000:00: resource 7 [mem 0x000c0000-0x000c3fff window]
Sep 25 16:54:26 test1-ThinkCentre-M73 kernel: [    0.112970] pci_bus 0000:00: resource 8 [mem 0x000c4000-0x000c7fff window]
Sep 25 16:54:26 test1-ThinkCentre-M73 kernel: [    0.112971] pci_bus 0000:00: resource 9 [mem 0x000c8000-0x000cbfff window]
Sep 25 16:54:26 test1-ThinkCentre-M73 kernel: [    0.112972] pci_bus 0000:00: resource 10 [mem 0x000cc000-0x000cffff window]
Sep 25 16:54:26 test1-ThinkCentre-M73 kernel: [    0.112973] pci_bus 0000:00: resource 11 [mem 0x000d0000-0x000d3fff window]
Sep 25 16:54:26 test1-ThinkCentre-M73 kernel: [    0.112974] pci_bus 0000:00: resource 12 [mem 0x000d4000-0x000d7fff window]
Sep 25 16:54:26 test1-ThinkCentre-M73 kernel: [    0.112976] pci_bus 0000:00: resource 13 [mem 0x000d8000-0x000dbfff window]
Sep 25 16:54:26 test1-ThinkCentre-M73 kernel: [    0.112977] pci_bus 0000:00: resource 14 [mem 0x000dc000-0x000dffff window]
Sep 25 16:54:26 test1-ThinkCentre-M73 kernel: [    0.112978] pci_bus 0000:00: resource 15 [mem 0xdf200000-0xfeafffff window]
Sep 25 16:54:26 test1-ThinkCentre-M73 kernel: [    0.112980] pci_bus 0000:01: resource 0 [io  0x2000-0x2fff]
Sep 25 16:54:26 test1-ThinkCentre-M73 kernel: [    0.112981] pci_bus 0000:01: resource 1 [mem 0xdf200000-0xdf3fffff]
Sep 25 16:54:26 test1-ThinkCentre-M73 kernel: [    0.112982] pci_bus 0000:01: resource 2 [mem 0xdf400000-0xdf5fffff 64bit pref]
Sep 25 16:54:26 test1-ThinkCentre-M73 kernel: [    0.112983] pci_bus 0000:02: resource 1 [mem 0xf7c00000-0xf7cfffff]
Sep 25 16:54:26 test1-ThinkCentre-M73 kernel: [    0.113100] NET: Registered protocol family 2
Sep 25 16:54:26 test1-ThinkCentre-M73 kernel: [    0.113260] TCP established hash table entries: 65536 (order: 7, 524288 bytes)
Sep 25 16:54:26 test1-ThinkCentre-M73 kernel: [    0.113350] TCP bind hash table entries: 65536 (order: 8, 1048576 bytes)
Sep 25 16:54:26 test1-ThinkCentre-M73 kernel: [    0.113466] TCP: Hash tables configured (established 65536 bind 65536)
Sep 25 16:54:26 test1-ThinkCentre-M73 kernel: [    0.113489] UDP hash table entries: 4096 (order: 5, 131072 bytes)
Sep 25 16:54:26 test1-ThinkCentre-M73 kernel: [    0.113510] UDP-Lite hash table entries: 4096 (order: 5, 131072 bytes)
Sep 25 16:54:26 test1-ThinkCentre-M73 kernel: [    0.113552] NET: Registered protocol family 1
Sep 25 16:54:26 test1-ThinkCentre-M73 kernel: [    0.113564] pci 0000:00:02.0: Video device with shadowed ROM at [mem 0x000c0000-0x000dffff]
Sep 25 16:54:26 test1-ThinkCentre-M73 kernel: [    0.160131] PCI: CLS 64 bytes, default 64
Sep 25 16:54:26 test1-ThinkCentre-M73 kernel: [    0.160167] Unpacking initramfs...
Sep 25 16:54:26 test1-ThinkCentre-M73 kernel: [    6.183534] Freeing initrd memory: 440836K
Sep 25 16:54:26 test1-ThinkCentre-M73 kernel: [    6.183622] PCI-DMA: Using software bounce buffering for IO (SWIOTLB)
Sep 25 16:54:26 test1-ThinkCentre-M73 kernel: [    6.183625] software IO TLB [mem 0xd149f000-0xd549f000] (64MB) mapped at [0000000011778415-0000000011502f8d]
Sep 25 16:54:26 test1-ThinkCentre-M73 kernel: [    6.183846] Scanning for low memory corruption every 60 seconds
Sep 25 16:54:26 test1-ThinkCentre-M73 kernel: [    6.184546] Initialise system trusted keyrings
Sep 25 16:54:26 test1-ThinkCentre-M73 kernel: [    6.184555] Key type blacklist registered
Sep 25 16:54:26 test1-ThinkCentre-M73 kernel: [    6.184594] workingset: timestamp_bits=36 max_order=21 bucket_order=0
Sep 25 16:54:26 test1-ThinkCentre-M73 kernel: [    6.185743] zbud: loaded
Sep 25 16:54:26 test1-ThinkCentre-M73 kernel: [    6.186222] squashfs: version 4.0 (2009/01/31) Phillip Lougher
Sep 25 16:54:26 test1-ThinkCentre-M73 kernel: [    6.186336] fuse init (API version 7.26)
Sep 25 16:54:26 test1-ThinkCentre-M73 kernel: [    6.187562] Key type asymmetric registered
Sep 25 16:54:26 test1-ThinkCentre-M73 kernel: [    6.187563] Asymmetric key parser 'x509' registered
Sep 25 16:54:26 test1-ThinkCentre-M73 kernel: [    6.187593] Block layer SCSI generic (bsg) driver version 0.4 loaded (major 246)
Sep 25 16:54:26 test1-ThinkCentre-M73 kernel: [    6.187625] io scheduler noop registered
Sep 25 16:54:26 test1-ThinkCentre-M73 kernel: [    6.187626] io scheduler deadline registered
Sep 25 16:54:26 test1-ThinkCentre-M73 kernel: [    6.187670] io scheduler cfq registered (default)
Sep 25 16:54:26 test1-ThinkCentre-M73 kernel: [    6.188251] pcieport 0000:00:1c.0: Signaling PME with IRQ 26
Sep 25 16:54:26 test1-ThinkCentre-M73 kernel: [    6.188273] pcieport 0000:00:1c.3: Signaling PME with IRQ 27
Sep 25 16:54:26 test1-ThinkCentre-M73 kernel: [    6.188294] pciehp 0000:00:1c.0:pcie004: Slot #0 AttnBtn- PwrCtrl- MRL- AttnInd- PwrInd- HotPlug+ Surprise+ Interlock- NoCompl+ LLActRep+
Sep 25 16:54:26 test1-ThinkCentre-M73 kernel: [    6.188369] efifb: probing for efifb
Sep 25 16:54:26 test1-ThinkCentre-M73 kernel: [    6.188379] efifb: framebuffer at 0xe0000000, using 9000k, total 9000k
Sep 25 16:54:26 test1-ThinkCentre-M73 kernel: [    6.188380] efifb: mode is 1920x1200x32, linelength=7680, pages=1
Sep 25 16:54:26 test1-ThinkCentre-M73 kernel: [    6.188381] efifb: scrolling: redraw
Sep 25 16:54:26 test1-ThinkCentre-M73 kernel: [    6.188382] efifb: Truecolor: size=8:8:8:8, shift=24:16:8:0
Sep 25 16:54:26 test1-ThinkCentre-M73 kernel: [    6.192565] Console: switching to colour frame buffer device 240x75
Sep 25 16:54:26 test1-ThinkCentre-M73 kernel: [    6.196541] fb0: EFI VGA frame buffer device
Sep 25 16:54:26 test1-ThinkCentre-M73 kernel: [    6.196548] intel_idle: MWAIT substates: 0x42120
Sep 25 16:54:26 test1-ThinkCentre-M73 kernel: [    6.196549] intel_idle: v0.4.1 model 0x3C
Sep 25 16:54:26 test1-ThinkCentre-M73 kernel: [    6.196676] intel_idle: lapic_timer_reliable_states 0xffffffff
Sep 25 16:54:26 test1-ThinkCentre-M73 kernel: [    6.196774] input: Power Button as /devices/LNXSYSTM:00/LNXSYBUS:00/PNP0C0C:00/input/input0
Sep 25 16:54:26 test1-ThinkCentre-M73 kernel: [    6.196798] ACPI: Power Button [PWRB]
Sep 25 16:54:26 test1-ThinkCentre-M73 kernel: [    6.196839] input: Power Button as /devices/LNXSYSTM:00/LNXPWRBN:00/input/input1
Sep 25 16:54:26 test1-ThinkCentre-M73 kernel: [    6.196856] ACPI: Power Button [PWRF]
Sep 25 16:54:26 test1-ThinkCentre-M73 kernel: [    6.197662] (NULL device *): hwmon_device_register() is deprecated. Please convert the driver to use hwmon_device_register_with_info().
Sep 25 16:54:26 test1-ThinkCentre-M73 kernel: [    6.197855] thermal LNXTHERM:00: registered as thermal_zone0
Sep 25 16:54:26 test1-ThinkCentre-M73 kernel: [    6.197856] ACPI: Thermal Zone [TZ00] (28 C)
Sep 25 16:54:26 test1-ThinkCentre-M73 kernel: [    6.198209] thermal LNXTHERM:01: registered as thermal_zone1
Sep 25 16:54:26 test1-ThinkCentre-M73 kernel: [    6.198210] ACPI: Thermal Zone [TZ01] (30 C)
Sep 25 16:54:26 test1-ThinkCentre-M73 kernel: [    6.198350] Serial: 8250/16550 driver, 32 ports, IRQ sharing enabled
Sep 25 16:54:26 test1-ThinkCentre-M73 kernel: [    6.200113] Linux agpgart interface v0.103
Sep 25 16:54:26 test1-ThinkCentre-M73 kernel: [    6.201495] loop: module loaded
Sep 25 16:54:26 test1-ThinkCentre-M73 kernel: [    6.201729] libphy: Fixed MDIO Bus: probed
Sep 25 16:54:26 test1-ThinkCentre-M73 kernel: [    6.201730] tun: Universal TUN/TAP device driver, 1.6
Sep 25 16:54:26 test1-ThinkCentre-M73 kernel: [    6.201756] PPP generic driver version 2.4.2
Sep 25 16:54:26 test1-ThinkCentre-M73 kernel: [    6.201788] ehci_hcd: USB 2.0 'Enhanced' Host Controller (EHCI) Driver
Sep 25 16:54:26 test1-ThinkCentre-M73 kernel: [    6.201790] ehci-pci: EHCI PCI platform driver
Sep 25 16:54:26 test1-ThinkCentre-M73 kernel: [    6.201890] ehci-pci 0000:00:1a.0: EHCI Host Controller
Sep 25 16:54:26 test1-ThinkCentre-M73 kernel: [    6.201897] ehci-pci 0000:00:1a.0: new USB bus registered, assigned bus number 1
Sep 25 16:54:26 test1-ThinkCentre-M73 kernel: [    6.201907] ehci-pci 0000:00:1a.0: debug port 2
Sep 25 16:54:26 test1-ThinkCentre-M73 kernel: [    6.205816] ehci-pci 0000:00:1a.0: cache line size of 64 is not supported
Sep 25 16:54:26 test1-ThinkCentre-M73 kernel: [    6.205826] ehci-pci 0000:00:1a.0: irq 16, io mem 0xf7d3c000
Sep 25 16:54:26 test1-ThinkCentre-M73 kernel: [    6.220061] ehci-pci 0000:00:1a.0: USB 2.0 started, EHCI 1.00
Sep 25 16:54:26 test1-ThinkCentre-M73 kernel: [    6.220102] usb usb1: New USB device found, idVendor=1d6b, idProduct=0002
Sep 25 16:54:26 test1-ThinkCentre-M73 kernel: [    6.220103] usb usb1: New USB device strings: Mfr=3, Product=2, SerialNumber=1
Sep 25 16:54:26 test1-ThinkCentre-M73 kernel: [    6.220105] usb usb1: Product: EHCI Host Controller
Sep 25 16:54:26 test1-ThinkCentre-M73 kernel: [    6.220107] usb usb1: Manufacturer: Linux 4.15.1 ehci_hcd
Sep 25 16:54:26 test1-ThinkCentre-M73 kernel: [    6.220108] usb usb1: SerialNumber: 0000:00:1a.0
Sep 25 16:54:26 test1-ThinkCentre-M73 kernel: [    6.220310] hub 1-0:1.0: USB hub found
Sep 25 16:54:26 test1-ThinkCentre-M73 kernel: [    6.220316] hub 1-0:1.0: 2 ports detected
Sep 25 16:54:26 test1-ThinkCentre-M73 kernel: [    6.220593] ehci-pci 0000:00:1d.0: EHCI Host Controller
Sep 25 16:54:26 test1-ThinkCentre-M73 kernel: [    6.220598] ehci-pci 0000:00:1d.0: new USB bus registered, assigned bus number 2
Sep 25 16:54:26 test1-ThinkCentre-M73 kernel: [    6.220610] ehci-pci 0000:00:1d.0: debug port 2
Sep 25 16:54:26 test1-ThinkCentre-M73 kernel: [    6.224521] ehci-pci 0000:00:1d.0: cache line size of 64 is not supported
Sep 25 16:54:26 test1-ThinkCentre-M73 kernel: [    6.224531] ehci-pci 0000:00:1d.0: irq 23, io mem 0xf7d3b000
Sep 25 16:54:26 test1-ThinkCentre-M73 kernel: [    6.240067] ehci-pci 0000:00:1d.0: USB 2.0 started, EHCI 1.00
Sep 25 16:54:26 test1-ThinkCentre-M73 kernel: [    6.240103] usb usb2: New USB device found, idVendor=1d6b, idProduct=0002
Sep 25 16:54:26 test1-ThinkCentre-M73 kernel: [    6.240105] usb usb2: New USB device strings: Mfr=3, Product=2, SerialNumber=1
Sep 25 16:54:26 test1-ThinkCentre-M73 kernel: [    6.240106] usb usb2: Product: EHCI Host Controller
Sep 25 16:54:26 test1-ThinkCentre-M73 kernel: [    6.240108] usb usb2: Manufacturer: Linux 4.15.1 ehci_hcd
Sep 25 16:54:26 test1-ThinkCentre-M73 kernel: [    6.240109] usb usb2: SerialNumber: 0000:00:1d.0
Sep 25 16:54:26 test1-ThinkCentre-M73 kernel: [    6.240313] hub 2-0:1.0: USB hub found
Sep 25 16:54:26 test1-ThinkCentre-M73 kernel: [    6.240319] hub 2-0:1.0: 2 ports detected
Sep 25 16:54:26 test1-ThinkCentre-M73 kernel: [    6.240479] ehci-platform: EHCI generic platform driver
Sep 25 16:54:26 test1-ThinkCentre-M73 kernel: [    6.240490] ohci_hcd: USB 1.1 'Open' Host Controller (OHCI) Driver
Sep 25 16:54:26 test1-ThinkCentre-M73 kernel: [    6.240494] ohci-pci: OHCI PCI platform driver
Sep 25 16:54:26 test1-ThinkCentre-M73 kernel: [    6.240501] ohci-platform: OHCI generic platform driver
Sep 25 16:54:26 test1-ThinkCentre-M73 kernel: [    6.240507] uhci_hcd: USB Universal Host Controller Interface driver
Sep 25 16:54:26 test1-ThinkCentre-M73 kernel: [    6.240636] xhci_hcd 0000:00:14.0: xHCI Host Controller
Sep 25 16:54:26 test1-ThinkCentre-M73 kernel: [    6.240642] xhci_hcd 0000:00:14.0: new USB bus registered, assigned bus number 3
Sep 25 16:54:26 test1-ThinkCentre-M73 kernel: [    6.241719] xhci_hcd 0000:00:14.0: hcc params 0x200077c1 hci version 0x100 quirks 0x00009810
Sep 25 16:54:26 test1-ThinkCentre-M73 kernel: [    6.241725] xhci_hcd 0000:00:14.0: cache line size of 64 is not supported
Sep 25 16:54:26 test1-ThinkCentre-M73 kernel: [    6.241844] usb usb3: New USB device found, idVendor=1d6b, idProduct=0002
Sep 25 16:54:26 test1-ThinkCentre-M73 kernel: [    6.241845] usb usb3: New USB device strings: Mfr=3, Product=2, SerialNumber=1
Sep 25 16:54:26 test1-ThinkCentre-M73 kernel: [    6.241847] usb usb3: Product: xHCI Host Controller
Sep 25 16:54:26 test1-ThinkCentre-M73 kernel: [    6.241848] usb usb3: Manufacturer: Linux 4.15.1 xhci-hcd
Sep 25 16:54:26 test1-ThinkCentre-M73 kernel: [    6.241850] usb usb3: SerialNumber: 0000:00:14.0
Sep 25 16:54:26 test1-ThinkCentre-M73 kernel: [    6.242049] hub 3-0:1.0: USB hub found
Sep 25 16:54:26 test1-ThinkCentre-M73 kernel: [    6.242061] hub 3-0:1.0: 10 ports detected
Sep 25 16:54:26 test1-ThinkCentre-M73 kernel: [    6.244021] xhci_hcd 0000:00:14.0: xHCI Host Controller
Sep 25 16:54:26 test1-ThinkCentre-M73 kernel: [    6.244023] xhci_hcd 0000:00:14.0: new USB bus registered, assigned bus number 4
Sep 25 16:54:26 test1-ThinkCentre-M73 kernel: [    6.244048] usb usb4: New USB device found, idVendor=1d6b, idProduct=0003
Sep 25 16:54:26 test1-ThinkCentre-M73 kernel: [    6.244050] usb usb4: New USB device strings: Mfr=3, Product=2, SerialNumber=1
Sep 25 16:54:26 test1-ThinkCentre-M73 kernel: [    6.244051] usb usb4: Product: xHCI Host Controller
Sep 25 16:54:26 test1-ThinkCentre-M73 kernel: [    6.244052] usb usb4: Manufacturer: Linux 4.15.1 xhci-hcd
Sep 25 16:54:26 test1-ThinkCentre-M73 kernel: [    6.244053] usb usb4: SerialNumber: 0000:00:14.0
Sep 25 16:54:26 test1-ThinkCentre-M73 kernel: [    6.244234] hub 4-0:1.0: USB hub found
Sep 25 16:54:26 test1-ThinkCentre-M73 kernel: [    6.244240] hub 4-0:1.0: 2 ports detected
Sep 25 16:54:26 test1-ThinkCentre-M73 kernel: [    6.244461] i8042: PNP: No PS/2 controller found.
Sep 25 16:54:26 test1-ThinkCentre-M73 kernel: [    6.244676] mousedev: PS/2 mouse device common for all mice
Sep 25 16:54:26 test1-ThinkCentre-M73 kernel: [    6.244954] rtc_cmos 00:02: RTC can wake from S4
Sep 25 16:54:26 test1-ThinkCentre-M73 kernel: [    6.245083] rtc_cmos 00:02: rtc core: registered rtc_cmos as rtc0
Sep 25 16:54:26 test1-ThinkCentre-M73 kernel: [    6.245108] rtc_cmos 00:02: alarms up to one month, y3k, 242 bytes nvram, hpet irqs
Sep 25 16:54:26 test1-ThinkCentre-M73 kernel: [    6.245113] i2c /dev entries driver
Sep 25 16:54:26 test1-ThinkCentre-M73 kernel: [    6.245159] device-mapper: uevent: version 1.0.3
Sep 25 16:54:26 test1-ThinkCentre-M73 kernel: [    6.245223] device-mapper: ioctl: 4.37.0-ioctl (2017-09-20) initialised: dm-devel@redhat.com
Sep 25 16:54:26 test1-ThinkCentre-M73 kernel: [    6.245227] intel_pstate: Intel P-state driver initializing
Sep 25 16:54:26 test1-ThinkCentre-M73 kernel: [    6.245418] ledtrig-cpu: registered to indicate activity on CPUs
Sep 25 16:54:26 test1-ThinkCentre-M73 kernel: [    6.245420] EFI Variables Facility v0.08 2004-May-17
Sep 25 16:54:26 test1-ThinkCentre-M73 kernel: [    6.251702] NET: Registered protocol family 10
Sep 25 16:54:26 test1-ThinkCentre-M73 kernel: [    6.255906] Segment Routing with IPv6
Sep 25 16:54:26 test1-ThinkCentre-M73 kernel: [    6.255927] NET: Registered protocol family 17
Sep 25 16:54:26 test1-ThinkCentre-M73 kernel: [    6.255960] Key type dns_resolver registered
Sep 25 16:54:26 test1-ThinkCentre-M73 kernel: [    6.256203] RAS: Correctable Errors collector initialized.
Sep 25 16:54:26 test1-ThinkCentre-M73 kernel: [    6.256227] microcode: sig=0x306c3, pf=0x2, revision=0x28
Sep 25 16:54:26 test1-ThinkCentre-M73 kernel: [    6.256340] microcode: Microcode Update Driver: v2.2.
Sep 25 16:54:26 test1-ThinkCentre-M73 kernel: [    6.256349] sched_clock: Marking stable (6256336101, 0)->(6237301174, 19034927)
Sep 25 16:54:26 test1-ThinkCentre-M73 kernel: [    6.256589] registered taskstats version 1
Sep 25 16:54:26 test1-ThinkCentre-M73 kernel: [    6.256599] Loading compiled-in X.509 certificates
Sep 25 16:54:26 test1-ThinkCentre-M73 kernel: [    6.259133] Loaded X.509 cert 'Build time autogenerated kernel key: dfc4392f62b9d81cb76587af197a831aadd4cc0a'
Sep 25 16:54:26 test1-ThinkCentre-M73 kernel: [    6.259147] zswap: loaded using pool lzo/zbud
Sep 25 16:54:26 test1-ThinkCentre-M73 kernel: [    6.262310] Key type big_key registered
Sep 25 16:54:26 test1-ThinkCentre-M73 kernel: [    6.262313] Key type trusted registered
Sep 25 16:54:26 test1-ThinkCentre-M73 kernel: [    6.263815] Key type encrypted registered
Sep 25 16:54:26 test1-ThinkCentre-M73 kernel: [    6.263818] AppArmor: AppArmor sha1 policy hashing enabled
Sep 25 16:54:26 test1-ThinkCentre-M73 kernel: [    6.263820] ima: No TPM chip found, activating TPM-bypass! (rc=-19)
Sep 25 16:54:26 test1-ThinkCentre-M73 kernel: [    6.263837] evm: HMAC attrs: 0x1
Sep 25 16:54:26 test1-ThinkCentre-M73 kernel: [    6.264186]   Magic number: 5:635:928
Sep 25 16:54:26 test1-ThinkCentre-M73 kernel: [    6.264300] rtc_cmos 00:02: setting system clock to 2021-09-25 08:54:23 UTC (1632560063)
Sep 25 16:54:26 test1-ThinkCentre-M73 kernel: [    6.264375] BIOS EDD facility v0.16 2004-Jun-25, 0 devices found
Sep 25 16:54:26 test1-ThinkCentre-M73 kernel: [    6.264375] EDD information not available.
Sep 25 16:54:26 test1-ThinkCentre-M73 kernel: [    6.266529] Freeing unused kernel memory: 2384K
Sep 25 16:54:26 test1-ThinkCentre-M73 kernel: [    6.266530] Write protecting the kernel read-only data: 20480k
Sep 25 16:54:26 test1-ThinkCentre-M73 kernel: [    6.266958] Freeing unused kernel memory: 2008K
Sep 25 16:54:26 test1-ThinkCentre-M73 kernel: [    6.270594] Freeing unused kernel memory: 1952K
Sep 25 16:54:26 test1-ThinkCentre-M73 kernel: [    6.276326] x86/mm: Checked W+X mappings: passed, no W+X pages found.
Sep 25 16:54:26 test1-ThinkCentre-M73 systemd[1]: Started Apply Kernel Variables.
Sep 25 16:54:26 test1-ThinkCentre-M73 systemd[1]: Started udev Coldplug all Devices.
Sep 25 16:54:26 test1-ThinkCentre-M73 systemd[1]: Starting udev Kernel Device Manager...
Sep 25 16:54:26 test1-ThinkCentre-M73 loadkeys[255]: Loading /etc/console-setup/cached.kmap.gz
Sep 25 16:54:26 test1-ThinkCentre-M73 systemd[1]: Started Set console keymap.
Sep 25 16:54:26 test1-ThinkCentre-M73 systemd[1]: Reached target Local File Systems (Pre).
Sep 25 16:54:26 test1-ThinkCentre-M73 systemd[1]: Started Flush Journal to Persistent Storage.
Sep 25 16:54:26 test1-ThinkCentre-M73 systemd[1]: Started udev Kernel Device Manager.
Sep 25 16:54:26 test1-ThinkCentre-M73 systemd[1]: Starting Show Plymouth Boot Screen...
Sep 25 16:54:26 test1-ThinkCentre-M73 mtp-probe: checking bus 3, device 5: "/sys/devices/pci0000:00/0000:00:14.0/usb3/3-10"
Sep 25 16:54:26 test1-ThinkCentre-M73 mtp-probe: bus: 3, device: 5 was not an MTP device
Sep 25 16:54:26 test1-ThinkCentre-M73 systemd[1]: Started Show Plymouth Boot Screen.
Sep 25 16:54:26 test1-ThinkCentre-M73 systemd[1]: Started Forward Password Requests to Plymouth Directory Watch.
Sep 25 16:54:26 test1-ThinkCentre-M73 systemd[1]: Created slice system-systemd\x2dbacklight.slice.
Sep 25 16:54:26 test1-ThinkCentre-M73 systemd[1]: Starting Load/Save Screen Backlight Brightness of backlight:acpi_video0...
Sep 25 16:54:26 test1-ThinkCentre-M73 systemd[1]: Started Load/Save Screen Backlight Brightness of backlight:acpi_video0.
Sep 25 16:54:26 test1-ThinkCentre-M73 mtp-probe: checking bus 3, device 5: "/sys/devices/pci0000:00/0000:00:14.0/usb3/3-10"
Sep 25 16:54:26 test1-ThinkCentre-M73 mtp-probe: bus: 3, device: 5 was not an MTP device
Sep 25 16:54:26 test1-ThinkCentre-M73 mtp-probe: checking bus 3, device 4: "/sys/devices/pci0000:00/0000:00:14.0/usb3/3-9"
Sep 25 16:54:26 test1-ThinkCentre-M73 mtp-probe: bus: 3, device: 4 was not an MTP device
Sep 25 16:54:26 test1-ThinkCentre-M73 mtp-probe: checking bus 3, device 2: "/sys/devices/pci0000:00/0000:00:14.0/usb3/3-2"
Sep 25 16:54:26 test1-ThinkCentre-M73 mtp-probe: bus: 3, device: 2 was not an MTP device
Sep 25 16:54:26 test1-ThinkCentre-M73 systemd[1]: Listening on Load/Save RF Kill Switch Status /dev/rfkill Watch.
Sep 25 16:54:26 test1-ThinkCentre-M73 systemd[1]: Starting Load/Save RF Kill Switch Status...
Sep 25 16:54:26 test1-ThinkCentre-M73 systemd[1]: Started Load/Save RF Kill Switch Status.
Sep 25 16:54:26 test1-ThinkCentre-M73 systemd[1]: Started Braille Device Support.
Sep 25 16:54:26 test1-ThinkCentre-M73 systemd[1]: Reached target Sound Card.
Sep 25 16:54:26 test1-ThinkCentre-M73 systemd[1]: Found device T253T2128G0C101 3.
Sep 25 16:54:26 test1-ThinkCentre-M73 systemd[1]: Found device T253T2128G0C101 3.
Sep 25 16:54:26 test1-ThinkCentre-M73 systemd[1]: Activating swap Swap Partition...
Sep 25 16:54:26 test1-ThinkCentre-M73 systemd[1]: Activated swap Swap Partition.
Sep 25 16:54:26 test1-ThinkCentre-M73 systemd[1]: Activated swap /dev/disk/by-uuid/276626df-4a76-44f8-9186-e6f531e08f79.
Sep 25 16:54:26 test1-ThinkCentre-M73 systemd[1]: Reached target Swap.
Sep 25 16:54:26 test1-ThinkCentre-M73 systemd[1]: Found device T253T2128G0C101 EFI\x20System\x20Partition.
Sep 25 16:54:26 test1-ThinkCentre-M73 systemd[1]: Starting File System Check on /dev/disk/by-uuid/D0E9-9DCC...
Sep 25 16:54:26 test1-ThinkCentre-M73 systemd[1]: Started File System Check Daemon to report status.
Sep 25 16:54:26 test1-ThinkCentre-M73 systemd-fsck[536]: fsck.fat 3.0.28 (2015-05-16)
Sep 25 16:54:26 test1-ThinkCentre-M73 systemd-fsck[536]: /dev/sda1: 12 files, 1603/130812 clusters
Sep 25 16:54:26 test1-ThinkCentre-M73 systemd[1]: Started File System Check on /dev/disk/by-uuid/D0E9-9DCC.
Sep 25 16:54:26 test1-ThinkCentre-M73 systemd[1]: Mounting /boot/efi...
Sep 25 16:54:26 test1-ThinkCentre-M73 systemd[1]: Mounted /boot/efi.
Sep 25 16:54:26 test1-ThinkCentre-M73 systemd[1]: Reached target Local File Systems.
Sep 25 16:54:26 test1-ThinkCentre-M73 systemd[1]: Starting Clean up any mess left by 0dns-up...
Sep 25 16:54:26 test1-ThinkCentre-M73 systemd[1]: Starting Tell Plymouth To Write Out Runtime Data...
Sep 25 16:54:26 test1-ThinkCentre-M73 systemd[1]: Starting Create Volatile Files and Directories...
Sep 25 16:54:26 test1-ThinkCentre-M73 systemd[1]: Starting LSB: AppArmor initialization...
Sep 25 16:54:26 test1-ThinkCentre-M73 systemd[1]: Starting Set console font and keymap...
Sep 25 16:54:26 test1-ThinkCentre-M73 systemd-tmpfiles[547]: [/usr/lib/tmpfiles.d/var.conf:14] Duplicate line for path "/var/log", ignoring.
Sep 25 16:54:26 test1-ThinkCentre-M73 systemd[1]: Started Clean up any mess left by 0dns-up.
Sep 25 16:54:26 test1-ThinkCentre-M73 systemd[1]: Starting Nameserver information manager...
Sep 25 16:54:26 test1-ThinkCentre-M73 systemd[1]: Started Nameserver information manager.
Sep 25 16:54:26 test1-ThinkCentre-M73 systemd[1]: Reached target Network (Pre).
Sep 25 16:54:26 test1-ThinkCentre-M73 systemd[1]: Started Create Volatile Files and Directories.
Sep 25 16:54:26 test1-ThinkCentre-M73 systemd[1]: Starting Update UTMP about System Boot/Shutdown...
Sep 25 16:54:26 test1-ThinkCentre-M73 systemd[1]: Starting Network Time Synchronization...
Sep 25 16:54:26 test1-ThinkCentre-M73 systemd[1]: Started Update UTMP about System Boot/Shutdown.
Sep 25 16:54:26 test1-ThinkCentre-M73 systemd[1]: Started Network Time Synchronization.
Sep 25 16:54:26 test1-ThinkCentre-M73 systemd[1]: Reached target System Time Synchronized.
Sep 25 16:54:26 test1-ThinkCentre-M73 systemd[1]: Received SIGRTMIN+20 from PID 321 (plymouthd).
Sep 25 16:54:26 test1-ThinkCentre-M73 systemd[1]: Started Set console font and keymap.
Sep 25 16:54:26 test1-ThinkCentre-M73 systemd[1]: Created slice system-getty.slice.
Sep 25 16:54:26 test1-ThinkCentre-M73 systemd[1]: Started Tell Plymouth To Write Out Runtime Data.
Sep 25 16:54:26 test1-ThinkCentre-M73 apparmor[548]:  * Starting AppArmor profiles
Sep 25 16:54:26 test1-ThinkCentre-M73 apparmor[548]: Skipping profile in /etc/apparmor.d/disable: usr.bin.firefox
Sep 25 16:54:26 test1-ThinkCentre-M73 apparmor[548]: Skipping profile in /etc/apparmor.d/disable: usr.sbin.rsyslogd
Sep 25 16:54:26 test1-ThinkCentre-M73 apparmor[548]:    ...done.
Sep 25 16:54:26 test1-ThinkCentre-M73 systemd[1]: Started LSB: AppArmor initialization.
Sep 25 16:54:26 test1-ThinkCentre-M73 systemd[1]: Starting Load AppArmor profiles managed internally by snapd...
Sep 25 16:54:26 test1-ThinkCentre-M73 systemd[1]: Starting Raise network interfaces...
Sep 25 16:54:26 test1-ThinkCentre-M73 snapd-apparmor[696]: find: /var/lib/snapd/apparmor/profiles/: No such file or directory
Sep 25 16:54:26 test1-ThinkCentre-M73 systemd[1]: Started Load AppArmor profiles managed internally by snapd.
Sep 25 16:54:26 test1-ThinkCentre-M73 systemd[1]: Reached target System Initialization.
Sep 25 16:54:26 test1-ThinkCentre-M73 systemd[1]: Started Daily apt download activities.
Sep 25 16:54:26 test1-ThinkCentre-M73 systemd[1]: Started Ubuntu Advantage update messaging.
Sep 25 16:54:26 test1-ThinkCentre-M73 systemd[1]: Listening on ACPID Listen Socket.
Sep 25 16:54:26 test1-ThinkCentre-M73 systemd[1]: Listening on CUPS Scheduler.
Sep 25 16:54:26 test1-ThinkCentre-M73 systemd[1]: Listening on UUID daemon activation socket.
Sep 25 16:54:26 test1-ThinkCentre-M73 systemd[1]: Started Message of the Day.
Sep 25 16:54:26 test1-ThinkCentre-M73 systemd[1]: Started CUPS Scheduler.
Sep 25 16:54:26 test1-ThinkCentre-M73 systemd[1]: Started Daily Cleanup of Temporary Directories.
Sep 25 16:54:26 test1-ThinkCentre-M73 systemd[1]: Starting Socket activation for snappy daemon.
Sep 25 16:54:26 test1-ThinkCentre-M73 systemd[1]: Started ACPI Events Check.
Sep 25 16:54:26 test1-ThinkCentre-M73 systemd[1]: Reached target Paths.
Sep 25 16:54:26 test1-ThinkCentre-M73 systemd[1]: Listening on Avahi mDNS/DNS-SD Stack Activation Socket.
Sep 25 16:54:26 test1-ThinkCentre-M73 systemd[1]: Started Daily apt upgrade and clean activities.
Sep 25 16:54:26 test1-ThinkCentre-M73 systemd[1]: Listening on D-Bus System Message Bus Socket.
Sep 25 16:54:26 test1-ThinkCentre-M73 systemd[1]: Reached target Timers.
Sep 25 16:54:26 test1-ThinkCentre-M73 systemd[1]: Listening on Socket activation for snappy daemon.
Sep 25 16:54:26 test1-ThinkCentre-M73 systemd[1]: Reached target Sockets.
Sep 25 16:54:26 test1-ThinkCentre-M73 systemd[1]: Reached target Basic System.
Sep 25 16:54:26 test1-ThinkCentre-M73 systemd[1]: Starting Login Service...
Sep 25 16:54:26 test1-ThinkCentre-M73 systemd[1]: Starting LSB: automatic crash report generation...
Sep 25 16:54:26 test1-ThinkCentre-M73 systemd[1]: Starting System Logging Service...
Sep 25 16:54:26 test1-ThinkCentre-M73 systemd[1]: Starting Save/Restore Sound Card State...
Sep 25 16:54:26 test1-ThinkCentre-M73 systemd[1]: Started CUPS Scheduler.
Sep 25 16:54:26 test1-ThinkCentre-M73 systemd[1]: Starting Avahi mDNS/DNS-SD Stack...
Sep 25 16:54:26 test1-ThinkCentre-M73 systemd[1]: Started Regular background program processing daemon.
Sep 25 16:54:26 test1-ThinkCentre-M73 systemd[1]: Starting Restore /etc/resolv.conf if the system crashed before the ppp link was shut down...
Sep 25 16:54:26 test1-ThinkCentre-M73 systemd[1]: Starting LSB: daemon to balance interrupts for SMP systems...
Sep 25 16:54:26 test1-ThinkCentre-M73 cron[720]: (CRON) INFO (pidfile fd = 3)
Sep 25 16:54:26 test1-ThinkCentre-M73 systemd[1]: Starting Bluetooth service...
Sep 25 16:54:26 test1-ThinkCentre-M73 systemd[1]: Started ACPI event daemon.
Sep 25 16:54:26 test1-ThinkCentre-M73 systemd[1]: Starting Detect the available GPUs and deal with any system changes...
Sep 25 16:54:26 test1-ThinkCentre-M73 systemd[1]: Starting Accounts Service...
Sep 25 16:54:26 test1-ThinkCentre-M73 systemd[1]: Started D-Bus System Message Bus.
Sep 25 16:54:26 test1-ThinkCentre-M73 bluetoothd[723]: Bluetooth daemon 5.37
Sep 25 16:54:26 test1-ThinkCentre-M73 cron[720]: (CRON) INFO (Running @reboot jobs)
Sep 25 16:54:26 test1-ThinkCentre-M73 kernel: [    6.276327] x86/mm: Checking user space page tables
Sep 25 16:54:26 test1-ThinkCentre-M73 kernel: [    6.281820] x86/mm: Checked W+X mappings: passed, no W+X pages found.
Sep 25 16:54:26 test1-ThinkCentre-M73 kernel: [    6.344557] pps_core: LinuxPPS API ver. 1 registered
Sep 25 16:54:26 test1-ThinkCentre-M73 kernel: [    6.344558] pps_core: Software ver. 5.3.6 - Copyright 2005-2007 Rodolfo Giometti <giometti@linux.it>
Sep 25 16:54:26 test1-ThinkCentre-M73 kernel: [    6.348911] PTP clock support registered
Sep 25 16:54:26 test1-ThinkCentre-M73 kernel: [    6.353395] ahci 0000:00:1f.2: version 3.0
Sep 25 16:54:26 test1-ThinkCentre-M73 kernel: [    6.353582] ahci 0000:00:1f.2: AHCI 0001.0300 32 slots 4 ports 6 Gbps 0x1 impl SATA mode
Sep 25 16:54:26 test1-ThinkCentre-M73 kernel: [    6.353584] ahci 0000:00:1f.2: flags: 64bit ncq pm led clo pio slum part ems 
Sep 25 16:54:26 test1-ThinkCentre-M73 kernel: [    6.374855] scsi host0: ahci
Sep 25 16:54:26 test1-ThinkCentre-M73 kernel: [    6.374961] scsi host1: ahci
Sep 25 16:54:26 test1-ThinkCentre-M73 kernel: [    6.375464] e1000e: Intel(R) PRO/1000 Network Driver - 3.2.6-k
Sep 25 16:54:26 test1-ThinkCentre-M73 kernel: [    6.375465] e1000e: Copyright(c) 1999 - 2015 Intel Corporation.
Sep 25 16:54:26 test1-ThinkCentre-M73 kernel: [    6.375556] scsi host2: ahci
Sep 25 16:54:26 test1-ThinkCentre-M73 kernel: [    6.375720] scsi host3: ahci
Sep 25 16:54:26 test1-ThinkCentre-M73 kernel: [    6.375761] ata1: SATA max UDMA/133 abar m2048@0xf7d3a000 port 0xf7d3a100 irq 29
Sep 25 16:54:26 test1-ThinkCentre-M73 kernel: [    6.375762] ata2: DUMMY
Sep 25 16:54:26 test1-ThinkCentre-M73 kernel: [    6.375763] ata3: DUMMY
Sep 25 16:54:26 test1-ThinkCentre-M73 kernel: [    6.375763] ata4: DUMMY
Sep 25 16:54:26 test1-ThinkCentre-M73 kernel: [    6.375951] e1000e 0000:00:19.0: Interrupt Throttling Rate (ints/sec) set to dynamic conservative mode
Sep 25 16:54:26 test1-ThinkCentre-M73 kernel: [    6.478157] e1000e 0000:00:19.0 0000:00:19.0 (uninitialized): registered PHC clock
Sep 25 16:54:26 test1-ThinkCentre-M73 kernel: [    6.560324] usb 1-1: new high-speed USB device number 2 using ehci-pci
Sep 25 16:54:26 test1-ThinkCentre-M73 kernel: [    6.581357] usb 2-1: new high-speed USB device number 2 using ehci-pci
Sep 25 16:54:26 test1-ThinkCentre-M73 kernel: [    6.581367] usb 3-2: new high-speed USB device number 2 using xhci_hcd
Sep 25 16:54:26 test1-ThinkCentre-M73 kernel: [    6.583946] e1000e 0000:00:19.0 eth0: (PCI Express:2.5GT/s:Width x1) d8:cb:8a:20:50:51
Sep 25 16:54:26 test1-ThinkCentre-M73 kernel: [    6.583948] e1000e 0000:00:19.0 eth0: Intel(R) PRO/1000 Network Connection
Sep 25 16:54:26 test1-ThinkCentre-M73 kernel: [    6.583983] e1000e 0000:00:19.0 eth0: MAC: 11, PHY: 12, PBA No: FFFFFF-0FF
Sep 25 16:54:26 test1-ThinkCentre-M73 kernel: [    6.584632] e1000e 0000:00:19.0 eno1: renamed from eth0
Sep 25 16:54:26 test1-ThinkCentre-M73 kernel: [    6.690677] ata1: SATA link up 6.0 Gbps (SStatus 133 SControl 300)
Sep 25 16:54:26 test1-ThinkCentre-M73 kernel: [    6.697621] ata1.00: ATA-9: T253T2128G0C101, S0424A0, max UDMA/133
Sep 25 16:54:26 test1-ThinkCentre-M73 kernel: [    6.697623] ata1.00: 250069680 sectors, multi 1: LBA48 NCQ (depth 31/32), AA
Sep 25 16:54:26 test1-ThinkCentre-M73 kernel: [    6.708456] ata1.00: configured for UDMA/133
Sep 25 16:54:26 test1-ThinkCentre-M73 kernel: [    6.708678] scsi 0:0:0:0: Direct-Access     ATA      T253T2128G0C101  4A0  PQ: 0 ANSI: 5
Sep 25 16:54:26 test1-ThinkCentre-M73 kernel: [    6.708985] sd 0:0:0:0: Attached scsi generic sg0 type 0
Sep 25 16:54:26 test1-ThinkCentre-M73 kernel: [    6.709044] sd 0:0:0:0: [sda] 250069680 512-byte logical blocks: (128 GB/119 GiB)
Sep 25 16:54:26 test1-ThinkCentre-M73 kernel: [    6.709061] sd 0:0:0:0: [sda] Write Protect is off
Sep 25 16:54:26 test1-ThinkCentre-M73 kernel: [    6.709063] sd 0:0:0:0: [sda] Mode Sense: 00 3a 00 00
Sep 25 16:54:26 test1-ThinkCentre-M73 kernel: [    6.709126] sd 0:0:0:0: [sda] Write cache: enabled, read cache: enabled, doesn't support DPO or FUA
Sep 25 16:54:26 test1-ThinkCentre-M73 kernel: [    6.710884]  sda: sda1 sda2 sda3
Sep 25 16:54:26 test1-ThinkCentre-M73 kernel: [    6.711174] sd 0:0:0:0: [sda] Attached SCSI disk
Sep 25 16:54:26 test1-ThinkCentre-M73 kernel: [    6.716422] usb 1-1: New USB device found, idVendor=8087, idProduct=8008
Sep 25 16:54:26 test1-ThinkCentre-M73 kernel: [    6.716424] usb 1-1: New USB device strings: Mfr=0, Product=0, SerialNumber=0
Sep 25 16:54:26 test1-ThinkCentre-M73 kernel: [    6.716713] hub 1-1:1.0: USB hub found
Sep 25 16:54:26 test1-ThinkCentre-M73 kernel: [    6.716785] hub 1-1:1.0: 4 ports detected
Sep 25 16:54:26 test1-ThinkCentre-M73 kernel: [    6.730049] usb 3-2: New USB device found, idVendor=ffff, idProduct=5678
Sep 25 16:54:26 test1-ThinkCentre-M73 kernel: [    6.730051] usb 3-2: New USB device strings: Mfr=1, Product=2, SerialNumber=3
Sep 25 16:54:26 test1-ThinkCentre-M73 kernel: [    6.730052] usb 3-2: Product: Disk 2.0
Sep 25 16:54:26 test1-ThinkCentre-M73 kernel: [    6.730063] usb 3-2: Manufacturer: USB
Sep 25 16:54:26 test1-ThinkCentre-M73 kernel: [    6.730064] usb 3-2: SerialNumber: HEADER151B169206293
Sep 25 16:54:26 test1-ThinkCentre-M73 kernel: [    6.741661] usb-storage 3-2:1.0: USB Mass Storage device detected
Sep 25 16:54:26 test1-ThinkCentre-M73 kernel: [    6.741867] scsi host4: usb-storage 3-2:1.0
Sep 25 16:54:26 test1-ThinkCentre-M73 kernel: [    6.741930] usbcore: registered new interface driver usb-storage
Sep 25 16:54:26 test1-ThinkCentre-M73 kernel: [    6.744963] usbcore: registered new interface driver uas
Sep 25 16:54:26 test1-ThinkCentre-M73 kernel: [    6.748037] usb 2-1: New USB device found, idVendor=8087, idProduct=8000
Sep 25 16:54:26 test1-ThinkCentre-M73 kernel: [    6.748039] usb 2-1: New USB device strings: Mfr=0, Product=0, SerialNumber=0
Sep 25 16:54:26 test1-ThinkCentre-M73 kernel: [    6.748550] hub 2-1:1.0: USB hub found
Sep 25 16:54:26 test1-ThinkCentre-M73 kernel: [    6.748685] hub 2-1:1.0: 6 ports detected
Sep 25 16:54:26 test1-ThinkCentre-M73 kernel: [    6.755646] [drm] PipeC fused off
Sep 25 16:54:26 test1-ThinkCentre-M73 kernel: [    6.755654] [drm] Memory usable by graphics device = 2048M
Sep 25 16:54:26 test1-ThinkCentre-M73 kernel: [    6.755656] checking generic (e0000000 8ca000) vs hw (e0000000 10000000)
Sep 25 16:54:26 test1-ThinkCentre-M73 kernel: [    6.755657] fb: switching to inteldrmfb from EFI VGA
Sep 25 16:54:26 test1-ThinkCentre-M73 kernel: [    6.755674] Console: switching to colour dummy device 80x25
Sep 25 16:54:26 test1-ThinkCentre-M73 kernel: [    6.755749] [drm] Replacing VGA console driver
Sep 25 16:54:26 test1-ThinkCentre-M73 kernel: [    6.761828] [drm] Supports vblank timestamp caching Rev 2 (21.10.2013).
Sep 25 16:54:26 test1-ThinkCentre-M73 kernel: [    6.761829] [drm] Driver supports precise vblank timestamp query.
Sep 25 16:54:26 test1-ThinkCentre-M73 kernel: [    6.763885] i915 0000:00:02.0: vgaarb: changed VGA decodes: olddecodes=io+mem,decodes=io+mem:owns=io+mem
Sep 25 16:54:26 test1-ThinkCentre-M73 kernel: [    6.767912] [drm] Initialized i915 1.6.0 20171023 for 0000:00:02.0 on minor 0
Sep 25 16:54:26 test1-ThinkCentre-M73 kernel: [    6.769978] ACPI: Video Device [GFX0] (multi-head: yes  rom: no  post: no)
Sep 25 16:54:26 test1-ThinkCentre-M73 kernel: [    6.770620] acpi device:60: registered as cooling_device9
Sep 25 16:54:26 test1-ThinkCentre-M73 kernel: [    6.770716] input: Video Bus as /devices/LNXSYSTM:00/LNXSYBUS:00/PNP0A08:00/LNXVIDEO:00/input/input2
Sep 25 16:54:26 test1-ThinkCentre-M73 kernel: [    6.856121] usb 3-6: new full-speed USB device number 3 using xhci_hcd
Sep 25 16:54:26 test1-ThinkCentre-M73 kernel: [    7.005923] usb 3-6: string descriptor 0 read error: -22
Sep 25 16:54:26 test1-ThinkCentre-M73 kernel: [    7.005930] usb 3-6: New USB device found, idVendor=04c5, idProduct=1330
Sep 25 16:54:26 test1-ThinkCentre-M73 kernel: [    7.005932] usb 3-6: New USB device strings: Mfr=1, Product=2, SerialNumber=3
Sep 25 16:54:26 test1-ThinkCentre-M73 kernel: [    7.132138] usb 3-9: new low-speed USB device number 4 using xhci_hcd
Sep 25 16:54:26 test1-ThinkCentre-M73 kernel: [    7.188271] fbcon: inteldrmfb (fb0) is primary device
Sep 25 16:54:26 test1-ThinkCentre-M73 kernel: [    7.196106] tsc: Refined TSC clocksource calibration: 1995.379 MHz
Sep 25 16:54:26 test1-ThinkCentre-M73 kernel: [    7.196112] clocksource: tsc: mask: 0xffffffffffffffff max_cycles: 0x398642b8c65, max_idle_ns: 881590773603 ns
Sep 25 16:54:26 test1-ThinkCentre-M73 kernel: [    7.216188] Console: switching to colour frame buffer device 240x75
Sep 25 16:54:26 test1-ThinkCentre-M73 rsyslogd-2007: action 'action 10' suspended, next retry is Sat Sep 25 16:54:56 2021 [v8.16.0 try http://www.rsyslog.com/e/2007 ]
Sep 25 16:54:26 test1-ThinkCentre-M73 kernel: [    7.236914] i915 0000:00:02.0: fb0: inteldrmfb frame buffer device
Sep 25 16:54:26 test1-ThinkCentre-M73 kernel: [    7.291053] usb 3-9: New USB device found, idVendor=0461, idProduct=4d81
Sep 25 16:54:26 test1-ThinkCentre-M73 kernel: [    7.291055] usb 3-9: New USB device strings: Mfr=0, Product=2, SerialNumber=0
Sep 25 16:54:26 test1-ThinkCentre-M73 kernel: [    7.291057] usb 3-9: Product: USB Optical Mouse
Sep 25 16:54:26 test1-ThinkCentre-M73 kernel: [    7.291242] EXT4-fs (sda2): mounted filesystem with ordered data mode. Opts: (null)
Sep 25 16:54:26 test1-ThinkCentre-M73 kernel: [    7.299954] hidraw: raw HID events driver (C) Jiri Kosina
Sep 25 16:54:26 test1-ThinkCentre-M73 kernel: [    7.308012] usbcore: registered new interface driver usbhid
Sep 25 16:54:26 test1-ThinkCentre-M73 kernel: [    7.308013] usbhid: USB HID core driver
Sep 25 16:54:26 test1-ThinkCentre-M73 kernel: [    7.424138] usb 3-10: new low-speed USB device number 5 using xhci_hcd
Sep 25 16:54:26 test1-ThinkCentre-M73 kernel: [    7.516834] fib_table_lookup: Kernel has found the leaf, it starts to determine the fib_info
Sep 25 16:54:26 test1-ThinkCentre-M73 kernel: [    7.516836] fib_table_lookup: the kernel checks whether the 0 th route is available or not
Sep 25 16:54:26 test1-ThinkCentre-M73 kernel: [    7.516836] fib_table_lookup: the kernel has determined that the 0 th route is available
Sep 25 16:54:26 test1-ThinkCentre-M73 kernel: [    7.516841] fib_table_lookup: Kernel has found the leaf, it starts to determine the fib_info
Sep 25 16:54:26 test1-ThinkCentre-M73 kernel: [    7.516841] fib_table_lookup: the kernel checks whether the 0 th route is available or not
Sep 25 16:54:26 test1-ThinkCentre-M73 kernel: [    7.516842] fib_table_lookup: the kernel has determined that the 0 th route is available
Sep 25 16:54:26 test1-ThinkCentre-M73 kernel: [    7.516845] fib_table_lookup: Kernel has found the leaf, it starts to determine the fib_info
Sep 25 16:54:26 test1-ThinkCentre-M73 kernel: [    7.516846] fib_table_lookup: the kernel checks whether the 0 th route is available or not
Sep 25 16:54:26 test1-ThinkCentre-M73 kernel: [    7.516847] fib_table_lookup: the kernel has determined that the 0 th route is available
Sep 25 16:54:26 test1-ThinkCentre-M73 kernel: [    7.516854] fib_table_lookup: Kernel has found the leaf, it starts to determine the fib_info
Sep 25 16:54:26 test1-ThinkCentre-M73 kernel: [    7.516854] fib_table_lookup: the kernel checks whether the 0 th route is available or not
Sep 25 16:54:26 test1-ThinkCentre-M73 kernel: [    7.516855] fib_table_lookup: the kernel has determined that the 0 th route is available
Sep 25 16:54:26 test1-ThinkCentre-M73 kernel: [    7.516857] fib_table_lookup: Kernel has found the leaf, it starts to determine the fib_info
Sep 25 16:54:26 test1-ThinkCentre-M73 kernel: [    7.516857] fib_table_lookup: the kernel checks whether the 0 th route is available or not
Sep 25 16:54:26 test1-ThinkCentre-M73 kernel: [    7.516858] fib_table_lookup: the kernel has determined that the 0 th route is available
Sep 25 16:54:26 test1-ThinkCentre-M73 kernel: [    7.516860] fib_table_lookup: Kernel has found the leaf, it starts to determine the fib_info
Sep 25 16:54:26 test1-ThinkCentre-M73 kernel: [    7.516861] fib_table_lookup: the kernel checks whether the 0 th route is available or not
Sep 25 16:54:26 test1-ThinkCentre-M73 kernel: [    7.516861] fib_table_lookup: the kernel has determined that the 0 th route is available
Sep 25 16:54:26 test1-ThinkCentre-M73 kernel: [    7.611279] EXT4-fs (sda2): re-mounted. Opts: errors=remount-ro
Sep 25 16:54:26 test1-ThinkCentre-M73 kernel: [    7.613419] usb 3-10: New USB device found, idVendor=413c, idProduct=2107
Sep 25 16:54:26 test1-ThinkCentre-M73 kernel: [    7.613422] usb 3-10: New USB device strings: Mfr=1, Product=2, SerialNumber=0
Sep 25 16:54:26 test1-ThinkCentre-M73 kernel: [    7.613423] usb 3-10: Product: Dell USB Entry Keyboard
Sep 25 16:54:26 test1-ThinkCentre-M73 kernel: [    7.613425] usb 3-10: Manufacturer: DELL
Sep 25 16:54:26 test1-ThinkCentre-M73 kernel: [    7.646911] lp: driver loaded but no devices found
Sep 25 16:54:26 test1-ThinkCentre-M73 kernel: [    7.654012] ppdev: user-space parallel port driver
Sep 25 16:54:26 test1-ThinkCentre-M73 kernel: [    7.739684] input: USB Optical Mouse as /devices/pci0000:00/0000:00:14.0/usb3/3-9/3-9:1.0/0003:0461:4D81.0001/input/input3
Sep 25 16:54:26 test1-ThinkCentre-M73 kernel: [    7.739792] hid-generic 0003:0461:4D81.0001: input,hidraw0: USB HID v1.11 Mouse [USB Optical Mouse] on usb-0000:00:14.0-9/input0
Sep 25 16:54:26 test1-ThinkCentre-M73 kernel: [    7.739916] input: DELL Dell USB Entry Keyboard as /devices/pci0000:00/0000:00:14.0/usb3/3-10/3-10:1.0/0003:413C:2107.0002/input/input4
Sep 25 16:54:26 test1-ThinkCentre-M73 kernel: [    7.773921] scsi 4:0:0:0: Direct-Access     VendorCo ProductCode      2.00 PQ: 0 ANSI: 4
Sep 25 16:54:26 test1-ThinkCentre-M73 kernel: [    7.774127] sd 4:0:0:0: Attached scsi generic sg1 type 0
Sep 25 16:54:26 test1-ThinkCentre-M73 kernel: [    7.774310] sd 4:0:0:0: [sdb] 61440000 512-byte logical blocks: (31.5 GB/29.3 GiB)
Sep 25 16:54:26 test1-ThinkCentre-M73 kernel: [    7.774420] sd 4:0:0:0: [sdb] Write Protect is off
Sep 25 16:54:26 test1-ThinkCentre-M73 kernel: [    7.774421] sd 4:0:0:0: [sdb] Mode Sense: 03 00 00 00
Sep 25 16:54:26 test1-ThinkCentre-M73 kernel: [    7.774538] sd 4:0:0:0: [sdb] No Caching mode page found
Sep 25 16:54:26 test1-ThinkCentre-M73 kernel: [    7.774563] sd 4:0:0:0: [sdb] Assuming drive cache: write through
Sep 25 16:54:26 test1-ThinkCentre-M73 kernel: [    7.785083]  sdb: sdb1
Sep 25 16:54:26 test1-ThinkCentre-M73 kernel: [    7.785801] sd 4:0:0:0: [sdb] Attached SCSI removable disk
